
WARNING: The TensorFlow contrib module will not be included in TensorFlow 2.0.
For more information, please see:
  * https://github.com/tensorflow/community/blob/master/rfcs/20180907-contrib-sunset.md
  * https://github.com/tensorflow/addons
If you depend on functionality not listed there, please file an issue.

====================================================================================================
Run toy model
====================================================================================================
Config:
seed                 (1)
verbosity            (WARN)
print_step           (False)
num_train            (100)
num_test             (100)
num_nodes            (5)
num_layers           (20)
rho                  (1.0)
reg                  (0.001)
activation           (tanh)
kernel_init          (0.0)
bias_init            (0.0)
delta                (0.25)
batch_size           (100)
buffer_size          (100)
num_epochs           (500)
sgd_lr               (0.1)
adagrad_lr           (0.1)
adam_lr              (0.005)
msa_maxiter          (10)
msa_perturb_init     (0.005)
====================================================================================================
_________________________________________________________________
Layer (type)                 Output Shape              Param #   
=================================================================
residualdense_0 (ResidualDen (None, 5)                 30        
_________________________________________________________________
residualdense_1 (ResidualDen (None, 5)                 30        
_________________________________________________________________
residualdense_2 (ResidualDen (None, 5)                 30        
_________________________________________________________________
residualdense_3 (ResidualDen (None, 5)                 30        
_________________________________________________________________
residualdense_4 (ResidualDen (None, 5)                 30        
_________________________________________________________________
residualdense_5 (ResidualDen (None, 5)                 30        
_________________________________________________________________
residualdense_6 (ResidualDen (None, 5)                 30        
_________________________________________________________________
residualdense_7 (ResidualDen (None, 5)                 30        
_________________________________________________________________
residualdense_8 (ResidualDen (None, 5)                 30        
_________________________________________________________________
residualdense_9 (ResidualDen (None, 5)                 30        
_________________________________________________________________
residualdense_10 (ResidualDe (None, 5)                 30        
_________________________________________________________________
residualdense_11 (ResidualDe (None, 5)                 30        
_________________________________________________________________
residualdense_12 (ResidualDe (None, 5)                 30        
_________________________________________________________________
residualdense_13 (ResidualDe (None, 5)                 30        
_________________________________________________________________
residualdense_14 (ResidualDe (None, 5)                 30        
_________________________________________________________________
residualdense_15 (ResidualDe (None, 5)                 30        
_________________________________________________________________
residualdense_16 (ResidualDe (None, 5)                 30        
_________________________________________________________________
residualdense_17 (ResidualDe (None, 5)                 30        
_________________________________________________________________
residualdense_18 (ResidualDe (None, 5)                 30        
_________________________________________________________________
residualdense_19 (ResidualDe (None, 5)                 30        
=================================================================
Total params: 600
Trainable params: 600
Non-trainable params: 0
_________________________________________________________________
====================================================================================================
Trainer: MSATrainer (MSA_trainer)
Settings: {'maxiter': 10, 'perturb_init': 0.005}
====================================================================================================
Epoch: init
Train loss: 76.24555969238281
Test loss: 89.11460876464844
Epoch: 0
Train loss: 0.4291010797023773
Test loss: 0.533036470413208
Epoch: 1
Train loss: 0.3200250267982483
Test loss: 0.38131582736968994
Epoch: 2
Train loss: 0.28554973006248474
Test loss: 0.3286866545677185
Epoch: 3
Train loss: 0.2721496820449829
Test loss: 0.3058263063430786
Epoch: 4
Train loss: 0.26629599928855896
Test loss: 0.294454962015152
Epoch: 5
Train loss: 0.26352739334106445
Test loss: 0.2882392108440399
Epoch: 6
Train loss: 0.2621302604675293
Test loss: 0.2845951318740845
Epoch: 7
Train loss: 0.2613726556301117
Test loss: 0.2823159098625183
Epoch: 8
Train loss: 0.260890394449234
Test loss: 0.28080788254737854
Epoch: 9
Train loss: 0.2604561150074005
Test loss: 0.279649943113327
Epoch: 10
Train loss: 0.2594914734363556
Test loss: 0.2782907783985138
Epoch: 11
Train loss: 0.2535797953605652
Test loss: 0.27277255058288574
Epoch: 12
Train loss: 0.1798527091741562
Test loss: 0.22023729979991913
Epoch: 13
Train loss: 16.26152992248535
Test loss: 15.258635520935059
Epoch: 14
Train loss: 59.1369743347168
Test loss: 67.24027252197266
Epoch: 15
Train loss: 22.32686996459961
Test loss: 25.091720581054688
Epoch: 16
Train loss: 10.28443431854248
Test loss: 11.579834938049316
Epoch: 17
Train loss: 5.780032157897949
Test loss: 6.5716729164123535
Epoch: 18
Train loss: 3.5562188625335693
Test loss: 4.0804853439331055
Epoch: 19
Train loss: 2.3613085746765137
Test loss: 2.7363171577453613
Epoch: 20
Train loss: 1.685981273651123
Test loss: 1.9752998352050781
Epoch: 21
Train loss: 1.2594857215881348
Test loss: 1.486795425415039
Epoch: 22
Train loss: 0.9737343788146973
Test loss: 1.1595230102539062
Epoch: 23
Train loss: 0.79671710729599
Test loss: 0.9525659680366516
Epoch: 24
Train loss: 0.6684496998786926
Test loss: 0.8024607300758362
Epoch: 25
Train loss: 0.5735737085342407
Test loss: 0.689102292060852
Epoch: 26
Train loss: 0.5025319457054138
Test loss: 0.6029479503631592
Epoch: 27
Train loss: 0.4430015981197357
Test loss: 0.5285961627960205
Epoch: 28
Train loss: 0.3912176489830017
Test loss: 0.46314552426338196
Epoch: 29
Train loss: 0.34248167276382446
Test loss: 0.40110260248184204
Epoch: 30
Train loss: 0.30317485332489014
Test loss: 0.35000598430633545
Epoch: 31
Train loss: 0.27121806144714355
Test loss: 0.30817556381225586
Epoch: 32
Train loss: 0.2458479106426239
Test loss: 0.27458417415618896
Epoch: 33
Train loss: 0.22351399064064026
Test loss: 0.24604740738868713
Epoch: 34
Train loss: 0.20563723146915436
Test loss: 0.22337844967842102
Epoch: 35
Train loss: 0.18954342603683472
Test loss: 0.20331339538097382
Epoch: 36
Train loss: 0.17644044756889343
Test loss: 0.18731528520584106
Epoch: 37
Train loss: 0.16589754819869995
Test loss: 0.1746366322040558
Epoch: 38
Train loss: 0.1572844535112381
Test loss: 0.1645336151123047
Epoch: 39
Train loss: 0.14921581745147705
Test loss: 0.15505564212799072
Epoch: 40
Train loss: 0.14235563576221466
Test loss: 0.14711681008338928
Epoch: 41
Train loss: 0.13658642768859863
Test loss: 0.1405756026506424
Epoch: 42
Train loss: 0.13177496194839478
Test loss: 0.13509342074394226
Epoch: 43
Train loss: 0.12678222358226776
Test loss: 0.12960253655910492
Epoch: 44
Train loss: 0.12229878455400467
Test loss: 0.1247115433216095
Epoch: 45
Train loss: 0.11878462880849838
Test loss: 0.12081722170114517
Epoch: 46
Train loss: 0.11566396057605743
Test loss: 0.11742264032363892
Epoch: 47
Train loss: 0.1127704381942749
Test loss: 0.11432130634784698
Epoch: 48
Train loss: 0.1096314862370491
Test loss: 0.11101696640253067
Epoch: 49
Train loss: 0.10689201951026917
Test loss: 0.10819574445486069
Epoch: 50
Train loss: 0.10355933010578156
Test loss: 0.10460850596427917
Epoch: 51
Train loss: 0.101222924888134
Test loss: 0.10218772292137146
Epoch: 52
Train loss: 0.099486343562603
Test loss: 0.1003652811050415
Epoch: 53
Train loss: 0.09693531692028046
Test loss: 0.097777359187603
Epoch: 54
Train loss: 0.09542710334062576
Test loss: 0.09622682631015778
Epoch: 55
Train loss: 0.09394341707229614
Test loss: 0.09467333555221558
Epoch: 56
Train loss: 0.0917004719376564
Test loss: 0.09243670105934143
Epoch: 57
Train loss: 0.09005194157361984
Test loss: 0.09080243110656738
Epoch: 58
Train loss: 0.08838255703449249
Test loss: 0.08916185796260834
Epoch: 59
Train loss: 0.08686785399913788
Test loss: 0.08760423958301544
Epoch: 60
Train loss: 0.08545464277267456
Test loss: 0.08616410940885544
Epoch: 61
Train loss: 0.08425527811050415
Test loss: 0.08496677875518799
Epoch: 62
Train loss: 0.08308400958776474
Test loss: 0.08374761790037155
Epoch: 63
Train loss: 0.0817716121673584
Test loss: 0.08235859870910645
Epoch: 64
Train loss: 0.08054201304912567
Test loss: 0.0811348706483841
Epoch: 65
Train loss: 0.07945067435503006
Test loss: 0.08002857118844986
Epoch: 66
Train loss: 0.07830854505300522
Test loss: 0.07884933799505234
Epoch: 67
Train loss: 0.07746393978595734
Test loss: 0.07800237834453583
Epoch: 68
Train loss: 0.07644523680210114
Test loss: 0.07700065523386002
Epoch: 69
Train loss: 0.07552499324083328
Test loss: 0.07608401030302048
Epoch: 70
Train loss: 0.07468586415052414
Test loss: 0.07519076019525528
Epoch: 71
Train loss: 0.07386026531457901
Test loss: 0.0743507519364357
Epoch: 72
Train loss: 0.07313548773527145
Test loss: 0.07362888753414154
Epoch: 73
Train loss: 0.07235056161880493
Test loss: 0.07282483577728271
Epoch: 74
Train loss: 0.07161171734333038
Test loss: 0.07205736637115479
Epoch: 75
Train loss: 0.07080358266830444
Test loss: 0.07126551866531372
Epoch: 76
Train loss: 0.07007062435150146
Test loss: 0.07049159705638885
Epoch: 77
Train loss: 0.06933806091547012
Test loss: 0.0697922557592392
Epoch: 78
Train loss: 0.06858769804239273
Test loss: 0.06904099136590958
Epoch: 79
Train loss: 0.0679238960146904
Test loss: 0.068349689245224
Epoch: 80
Train loss: 0.06739377975463867
Test loss: 0.0678229108452797
Epoch: 81
Train loss: 0.0667288526892662
Test loss: 0.0671263188123703
Epoch: 82
Train loss: 0.06611019372940063
Test loss: 0.06647554039955139
Epoch: 83
Train loss: 0.06542976200580597
Test loss: 0.06579400599002838
Epoch: 84
Train loss: 0.06492146849632263
Test loss: 0.06529664993286133
Epoch: 85
Train loss: 0.06433549523353577
Test loss: 0.0646924078464508
Epoch: 86
Train loss: 0.06379052251577377
Test loss: 0.06411563605070114
Epoch: 87
Train loss: 0.06314119696617126
Test loss: 0.06346989423036575
Epoch: 88
Train loss: 0.06263305991888046
Test loss: 0.06296482682228088
Epoch: 89
Train loss: 0.062062062323093414
Test loss: 0.062424030154943466
Epoch: 90
Train loss: 0.06149439513683319
Test loss: 0.0618196576833725
Epoch: 91
Train loss: 0.06106068938970566
Test loss: 0.06139916926622391
Epoch: 92
Train loss: 0.060570720583200455
Test loss: 0.06091222167015076
Epoch: 93
Train loss: 0.06019585579633713
Test loss: 0.06054450571537018
Epoch: 94
Train loss: 0.059770241379737854
Test loss: 0.060117173939943314
Epoch: 95
Train loss: 0.0592435859143734
Test loss: 0.05959551781415939
Epoch: 96
Train loss: 0.05878447741270065
Test loss: 0.05913766473531723
Epoch: 97
Train loss: 0.058319948613643646
Test loss: 0.058679547160863876
Epoch: 98
Train loss: 0.05793098732829094
Test loss: 0.058300863951444626
Epoch: 99
Train loss: 0.05745021998882294
Test loss: 0.05780632048845291
Epoch: 100
Train loss: 0.05700818449258804
Test loss: 0.0573519729077816
Epoch: 101
Train loss: 0.05663524568080902
Test loss: 0.05702672898769379
Epoch: 102
Train loss: 0.0562657006084919
Test loss: 0.056656330823898315
Epoch: 103
Train loss: 0.055855680257081985
Test loss: 0.05623764544725418
Epoch: 104
Train loss: 0.055527277290821075
Test loss: 0.055882446467876434
Epoch: 105
Train loss: 0.05522431433200836
Test loss: 0.05559399351477623
Epoch: 106
Train loss: 0.054837945848703384
Test loss: 0.05520639941096306
Epoch: 107
Train loss: 0.05448225885629654
Test loss: 0.05484820529818535
Epoch: 108
Train loss: 0.05422201007604599
Test loss: 0.05460658669471741
Epoch: 109
Train loss: 0.053932107985019684
Test loss: 0.05429771542549133
Epoch: 110
Train loss: 0.05367211624979973
Test loss: 0.05405345931649208
Epoch: 111
Train loss: 0.05335179716348648
Test loss: 0.05371331050992012
Epoch: 112
Train loss: 0.052958857268095016
Test loss: 0.05332845076918602
Epoch: 113
Train loss: 0.05263010412454605
Test loss: 0.05300555005669594
Epoch: 114
Train loss: 0.052315738052129745
Test loss: 0.05270511656999588
Epoch: 115
Train loss: 0.0520605631172657
Test loss: 0.05243668705224991
Epoch: 116
Train loss: 0.051758285611867905
Test loss: 0.052114564925432205
Epoch: 117
Train loss: 0.05143701657652855
Test loss: 0.05175293982028961
Epoch: 118
Train loss: 0.051201146095991135
Test loss: 0.05153512582182884
Epoch: 119
Train loss: 0.05092692747712135
Test loss: 0.05127986520528793
Epoch: 120
Train loss: 0.05059108883142471
Test loss: 0.050932761281728745
Epoch: 121
Train loss: 0.05030513182282448
Test loss: 0.05064002797007561
Epoch: 122
Train loss: 0.050043344497680664
Test loss: 0.050410911440849304
Epoch: 123
Train loss: 0.04982377216219902
Test loss: 0.050176601856946945
Epoch: 124
Train loss: 0.049489788711071014
Test loss: 0.049853093922138214
Epoch: 125
Train loss: 0.04926656186580658
Test loss: 0.04963045194745064
Epoch: 126
Train loss: 0.04901297390460968
Test loss: 0.04938466101884842
Epoch: 127
Train loss: 0.048776909708976746
Test loss: 0.04915611445903778
Epoch: 128
Train loss: 0.04853859916329384
Test loss: 0.048908740282058716
Epoch: 129
Train loss: 0.04831450805068016
Test loss: 0.04869599640369415
Epoch: 130
Train loss: 0.048052724450826645
Test loss: 0.0484241247177124
Epoch: 131
Train loss: 0.0478799045085907
Test loss: 0.04825146123766899
Epoch: 132
Train loss: 0.047674760222435
Test loss: 0.048056162893772125
Epoch: 133
Train loss: 0.04751028120517731
Test loss: 0.04788517951965332
Epoch: 134
Train loss: 0.04734412580728531
Test loss: 0.047724928706884384
Epoch: 135
Train loss: 0.04715035483241081
Test loss: 0.04752861708402634
Epoch: 136
Train loss: 0.04695713520050049
Test loss: 0.047332633286714554
Epoch: 137
Train loss: 0.046788252890110016
Test loss: 0.047168005257844925
Epoch: 138
Train loss: 0.04659992828965187
Test loss: 0.046974584460258484
Epoch: 139
Train loss: 0.04637642949819565
Test loss: 0.046761542558670044
Epoch: 140
Train loss: 0.046208061277866364
Test loss: 0.046585019677877426
Epoch: 141
Train loss: 0.04597428813576698
Test loss: 0.04636096954345703
Epoch: 142
Train loss: 0.04576212912797928
Test loss: 0.04614439234137535
Epoch: 143
Train loss: 0.04558996483683586
Test loss: 0.045996490865945816
Epoch: 144
Train loss: 0.045417580753564835
Test loss: 0.04580850154161453
Epoch: 145
Train loss: 0.04523574188351631
Test loss: 0.04564216732978821
Epoch: 146
Train loss: 0.04505039379000664
Test loss: 0.04547454044222832
Epoch: 147
Train loss: 0.0448489710688591
Test loss: 0.045253027230501175
Epoch: 148
Train loss: 0.04467804729938507
Test loss: 0.04512645676732063
Epoch: 149
Train loss: 0.04447823017835617
Test loss: 0.04487762600183487
Epoch: 150
Train loss: 0.04430907964706421
Test loss: 0.044735390692949295
Epoch: 151
Train loss: 0.04416695237159729
Test loss: 0.044608648866415024
Epoch: 152
Train loss: 0.0439971461892128
Test loss: 0.044451985508203506
Epoch: 153
Train loss: 0.043827857822179794
Test loss: 0.04427807778120041
Epoch: 154
Train loss: 0.04368826746940613
Test loss: 0.04413224756717682
Epoch: 155
Train loss: 0.04351846128702164
Test loss: 0.043954573571681976
Epoch: 156
Train loss: 0.04334717243909836
Test loss: 0.04377443343400955
Epoch: 157
Train loss: 0.04318348318338394
Test loss: 0.043638937175273895
Epoch: 158
Train loss: 0.043049704283475876
Test loss: 0.04349137842655182
Epoch: 159
Train loss: 0.04289362207055092
Test loss: 0.04331818222999573
Epoch: 160
Train loss: 0.04272432252764702
Test loss: 0.043149787932634354
Epoch: 161
Train loss: 0.04255576431751251
Test loss: 0.04297732561826706
Epoch: 162
Train loss: 0.042432110756635666
Test loss: 0.042862337082624435
Epoch: 163
Train loss: 0.04227207973599434
Test loss: 0.04270379990339279
Epoch: 164
Train loss: 0.04211978614330292
Test loss: 0.042541906237602234
Epoch: 165
Train loss: 0.04193400591611862
Test loss: 0.04235941544175148
Epoch: 166
Train loss: 0.04178958386182785
Test loss: 0.042221490293741226
Epoch: 167
Train loss: 0.04166826605796814
Test loss: 0.042111415416002274
Epoch: 168
Train loss: 0.04154011234641075
Test loss: 0.04198412224650383
Epoch: 169
Train loss: 0.04139349237084389
Test loss: 0.041829731315374374
Epoch: 170
Train loss: 0.04126393422484398
Test loss: 0.041708804666996
Epoch: 171
Train loss: 0.041146114468574524
Test loss: 0.04159638658165932
Epoch: 172
Train loss: 0.04102028161287308
Test loss: 0.04148891940712929
Epoch: 173
Train loss: 0.040869954973459244
Test loss: 0.04132010415196419
Epoch: 174
Train loss: 0.04073921591043472
Test loss: 0.041170574724674225
Epoch: 175
Train loss: 0.04059259593486786
Test loss: 0.04104319587349892
Epoch: 176
Train loss: 0.0404643714427948
Test loss: 0.0408971905708313
Epoch: 177
Train loss: 0.040305618196725845
Test loss: 0.04077056050300598
Epoch: 178
Train loss: 0.04021488502621651
Test loss: 0.04069363325834274
Epoch: 179
Train loss: 0.040068887174129486
Test loss: 0.040532492101192474
Epoch: 180
Train loss: 0.039938800036907196
Test loss: 0.040409721434116364
Epoch: 181
Train loss: 0.039819080382585526
Test loss: 0.0402664989233017
Epoch: 182
Train loss: 0.03968718647956848
Test loss: 0.04013244807720184
Epoch: 183
Train loss: 0.03957381099462509
Test loss: 0.04002624750137329
Epoch: 184
Train loss: 0.03943922743201256
Test loss: 0.03990517184138298
Epoch: 185
Train loss: 0.039322856813669205
Test loss: 0.039782311767339706
Epoch: 186
Train loss: 0.03920454531908035
Test loss: 0.03967916592955589
Epoch: 187
Train loss: 0.03908538073301315
Test loss: 0.039556846022605896
Epoch: 188
Train loss: 0.038975998759269714
Test loss: 0.03944571688771248
Epoch: 189
Train loss: 0.03885941579937935
Test loss: 0.03932277858257294
Epoch: 190
Train loss: 0.03875883296132088
Test loss: 0.039223335683345795
Epoch: 191
Train loss: 0.038631897419691086
Test loss: 0.03910398110747337
Epoch: 192
Train loss: 0.038505636155605316
Test loss: 0.038976605981588364
Epoch: 193
Train loss: 0.03839171305298805
Test loss: 0.03884182125329971
Epoch: 194
Train loss: 0.0382719449698925
Test loss: 0.038750700652599335
Epoch: 195
Train loss: 0.03820308297872543
Test loss: 0.03867867961525917
Epoch: 196
Train loss: 0.038098178803920746
Test loss: 0.038563281297683716
Epoch: 197
Train loss: 0.03801922872662544
Test loss: 0.03848765790462494
Epoch: 198
Train loss: 0.037896547466516495
Test loss: 0.038366224616765976
Epoch: 199
Train loss: 0.03779708594083786
Test loss: 0.038265079259872437
Epoch: 200
Train loss: 0.03767234459519386
Test loss: 0.03812682628631592
Epoch: 201
Train loss: 0.037562549114227295
Test loss: 0.03800291568040848
Epoch: 202
Train loss: 0.037457603961229324
Test loss: 0.03792353346943855
Epoch: 203
Train loss: 0.03737059608101845
Test loss: 0.037828072905540466
Epoch: 204
Train loss: 0.03725248575210571
Test loss: 0.037711236625909805
Epoch: 205
Train loss: 0.03714202344417572
Test loss: 0.037623483687639236
Epoch: 206
Train loss: 0.037022873759269714
Test loss: 0.03750002384185791
Epoch: 207
Train loss: 0.03693331778049469
Test loss: 0.03740859776735306
Epoch: 208
Train loss: 0.03683643415570259
Test loss: 0.03732703998684883
Epoch: 209
Train loss: 0.03675264120101929
Test loss: 0.03723108768463135
Epoch: 210
Train loss: 0.03665315732359886
Test loss: 0.037112731486558914
Epoch: 211
Train loss: 0.036559492349624634
Test loss: 0.037023384124040604
Epoch: 212
Train loss: 0.036485686898231506
Test loss: 0.03695160895586014
Epoch: 213
Train loss: 0.036401547491550446
Test loss: 0.036880504339933395
Epoch: 214
Train loss: 0.03630060702562332
Test loss: 0.03678233548998833
Epoch: 215
Train loss: 0.03621462732553482
Test loss: 0.03671615198254585
Epoch: 216
Train loss: 0.03611798956990242
Test loss: 0.03661860153079033
Epoch: 217
Train loss: 0.036033764481544495
Test loss: 0.03651689365506172
Epoch: 218
Train loss: 0.03592924773693085
Test loss: 0.03641260787844658
Epoch: 219
Train loss: 0.03584930673241615
Test loss: 0.03631933033466339
Epoch: 220
Train loss: 0.03574554994702339
Test loss: 0.036222267895936966
Epoch: 221
Train loss: 0.03567568212747574
Test loss: 0.03617585077881813
Epoch: 222
Train loss: 0.035579510033130646
Test loss: 0.0360727496445179
Epoch: 223
Train loss: 0.03550703078508377
Test loss: 0.03602242469787598
Epoch: 224
Train loss: 0.035451024770736694
Test loss: 0.035967111587524414
Epoch: 225
Train loss: 0.035357628017663956
Test loss: 0.03585730120539665
Epoch: 226
Train loss: 0.035274796187877655
Test loss: 0.03577563911676407
Epoch: 227
Train loss: 0.0351778008043766
Test loss: 0.03566427528858185
Epoch: 228
Train loss: 0.0350937619805336
Test loss: 0.03560966998338699
Epoch: 229
Train loss: 0.03499528765678406
Test loss: 0.03549877554178238
Epoch: 230
Train loss: 0.034933533519506454
Test loss: 0.035445209592580795
Epoch: 231
Train loss: 0.034864090383052826
Test loss: 0.03537781536579132
Epoch: 232
Train loss: 0.0348048098385334
Test loss: 0.03532169759273529
Epoch: 233
Train loss: 0.03472772240638733
Test loss: 0.03523910045623779
Epoch: 234
Train loss: 0.03464096784591675
Test loss: 0.03515433147549629
Epoch: 235
Train loss: 0.03455277159810066
Test loss: 0.035053547471761703
Epoch: 236
Train loss: 0.03445332869887352
Test loss: 0.034969013184309006
Epoch: 237
Train loss: 0.03439408540725708
Test loss: 0.03490634262561798
Epoch: 238
Train loss: 0.034303706139326096
Test loss: 0.03479737415909767
Epoch: 239
Train loss: 0.034220434725284576
Test loss: 0.03473455458879471
Epoch: 240
Train loss: 0.034141331911087036
Test loss: 0.03463975712656975
Epoch: 241
Train loss: 0.03407719358801842
Test loss: 0.03458479046821594
Epoch: 242
Train loss: 0.03399644047021866
Test loss: 0.034503888338804245
Epoch: 243
Train loss: 0.03393303602933884
Test loss: 0.034422945231199265
Epoch: 244
Train loss: 0.033862143754959106
Test loss: 0.0343543104827404
Epoch: 245
Train loss: 0.033809173852205276
Test loss: 0.03427901491522789
Epoch: 246
Train loss: 0.03373358026146889
Test loss: 0.034220293164253235
Epoch: 247
Train loss: 0.03366478905081749
Test loss: 0.03418543562293053
Epoch: 248
Train loss: 0.03358190879225731
Test loss: 0.03409353643655777
Epoch: 249
Train loss: 0.033516500145196915
Test loss: 0.0340304933488369
Epoch: 250
Train loss: 0.03345642611384392
Test loss: 0.03394470363855362
Epoch: 251
Train loss: 0.0333796888589859
Test loss: 0.033881690353155136
Epoch: 252
Train loss: 0.03331703692674637
Test loss: 0.03383700177073479
Epoch: 253
Train loss: 0.033250682055950165
Test loss: 0.033772990107536316
Epoch: 254
Train loss: 0.0331706628203392
Test loss: 0.03369491919875145
Epoch: 255
Train loss: 0.033106729388237
Test loss: 0.033615000545978546
Epoch: 256
Train loss: 0.03304172679781914
Test loss: 0.03356116637587547
Epoch: 257
Train loss: 0.0329633504152298
Test loss: 0.033475134521722794
Epoch: 258
Train loss: 0.03287122771143913
Test loss: 0.03338172286748886
Epoch: 259
Train loss: 0.032819122076034546
Test loss: 0.03333952650427818
Epoch: 260
Train loss: 0.03275906667113304
Test loss: 0.03329060226678848
Epoch: 261
Train loss: 0.03269891440868378
Test loss: 0.033222079277038574
Epoch: 262
Train loss: 0.03264357149600983
Test loss: 0.033164460211992264
Epoch: 263
Train loss: 0.03259233012795448
Test loss: 0.03314798325300217
Epoch: 264
Train loss: 0.0325276181101799
Test loss: 0.033071041107177734
Epoch: 265
Train loss: 0.03246038779616356
Test loss: 0.032988931983709335
Epoch: 266
Train loss: 0.0323958545923233
Test loss: 0.03293957561254501
Epoch: 267
Train loss: 0.032345954328775406
Test loss: 0.0328943207859993
Epoch: 268
Train loss: 0.032289162278175354
Test loss: 0.03282513841986656
Epoch: 269
Train loss: 0.03223578631877899
Test loss: 0.03277904540300369
Epoch: 270
Train loss: 0.03217713162302971
Test loss: 0.03272049501538277
Epoch: 271
Train loss: 0.03212563320994377
Test loss: 0.03266539424657822
Epoch: 272
Train loss: 0.03209228813648224
Test loss: 0.03262634947896004
Epoch: 273
Train loss: 0.03205612301826477
Test loss: 0.03259371966123581
Epoch: 274
Train loss: 0.03200172632932663
Test loss: 0.03252768889069557
Epoch: 275
Train loss: 0.031924229115247726
Test loss: 0.03245112672448158
Epoch: 276
Train loss: 0.03187728300690651
Test loss: 0.032411057502031326
Epoch: 277
Train loss: 0.03182768449187279
Test loss: 0.03235883638262749
Epoch: 278
Train loss: 0.03177323937416077
Test loss: 0.03230869024991989
Epoch: 279
Train loss: 0.031732309609651566
Test loss: 0.03225790336728096
Epoch: 280
Train loss: 0.031677111983299255
Test loss: 0.032208651304244995
Epoch: 281
Train loss: 0.03161177411675453
Test loss: 0.032161783427000046
Epoch: 282
Train loss: 0.03156060352921486
Test loss: 0.03211222589015961
Epoch: 283
Train loss: 0.031512923538684845
Test loss: 0.0320701040327549
Epoch: 284
Train loss: 0.031465865671634674
Test loss: 0.032027240842580795
Epoch: 285
Train loss: 0.031418170779943466
Test loss: 0.031969014555215836
Epoch: 286
Train loss: 0.03134884685277939
Test loss: 0.03191705048084259
Epoch: 287
Train loss: 0.03129732608795166
Test loss: 0.03185185790061951
Epoch: 288
Train loss: 0.031254660338163376
Test loss: 0.03183646872639656
Epoch: 289
Train loss: 0.031202221289277077
Test loss: 0.03177129849791527
Epoch: 290
Train loss: 0.031151186674833298
Test loss: 0.03174331784248352
Epoch: 291
Train loss: 0.031074997037649155
Test loss: 0.03166406601667404
Epoch: 292
Train loss: 0.031026046723127365
Test loss: 0.031602658331394196
Epoch: 293
Train loss: 0.03099162131547928
Test loss: 0.03157845884561539
Epoch: 294
Train loss: 0.03093065321445465
Test loss: 0.0315084233880043
Epoch: 295
Train loss: 0.03088911436498165
Test loss: 0.031459227204322815
Epoch: 296
Train loss: 0.03085475228726864
Test loss: 0.03143310546875
Epoch: 297
Train loss: 0.030818164348602295
Test loss: 0.031398650258779526
Epoch: 298
Train loss: 0.030773406848311424
Test loss: 0.03133322671055794
Epoch: 299
Train loss: 0.03071744553744793
Test loss: 0.031292352825403214
Epoch: 300
Train loss: 0.03067917190492153
Test loss: 0.03125164657831192
Epoch: 301
Train loss: 0.030619103461503983
Test loss: 0.03117254190146923
Epoch: 302
Train loss: 0.030567273497581482
Test loss: 0.031122108921408653
Epoch: 303
Train loss: 0.03053184412419796
Test loss: 0.031072916463017464
Epoch: 304
Train loss: 0.03048405982553959
Test loss: 0.031016238033771515
Epoch: 305
Train loss: 0.03043537214398384
Test loss: 0.030971907079219818
Epoch: 306
Train loss: 0.030386634171009064
Test loss: 0.03093484416604042
Epoch: 307
Train loss: 0.030334362760186195
Test loss: 0.03086056187748909
Epoch: 308
Train loss: 0.030289657413959503
Test loss: 0.03081740438938141
Epoch: 309
Train loss: 0.03024326264858246
Test loss: 0.030765505507588387
Epoch: 310
Train loss: 0.030200159177184105
Test loss: 0.030738776549696922
Epoch: 311
Train loss: 0.030145805329084396
Test loss: 0.030677370727062225
Epoch: 312
Train loss: 0.030108066275715828
Test loss: 0.03063828870654106
Epoch: 313
Train loss: 0.030054058879613876
Test loss: 0.030605416744947433
Epoch: 314
Train loss: 0.03000400960445404
Test loss: 0.030559709295630455
Epoch: 315
Train loss: 0.029955077916383743
Test loss: 0.030481530353426933
Epoch: 316
Train loss: 0.02988577075302601
Test loss: 0.030415784567594528
Epoch: 317
Train loss: 0.029843809083104134
Test loss: 0.03036869876086712
Epoch: 318
Train loss: 0.02979240193963051
Test loss: 0.030327998101711273
Epoch: 319
Train loss: 0.029740409925580025
Test loss: 0.03027414157986641
Epoch: 320
Train loss: 0.029711604118347168
Test loss: 0.03023633360862732
Epoch: 321
Train loss: 0.029668180271983147
Test loss: 0.030191872268915176
Epoch: 322
Train loss: 0.029619071632623672
Test loss: 0.030124066397547722
Epoch: 323
Train loss: 0.029571574181318283
Test loss: 0.030089912936091423
Epoch: 324
Train loss: 0.029536932706832886
Test loss: 0.030057208612561226
Epoch: 325
Train loss: 0.029499877244234085
Test loss: 0.03003021702170372
Epoch: 326
Train loss: 0.029464397579431534
Test loss: 0.029993409290909767
Epoch: 327
Train loss: 0.029417168349027634
Test loss: 0.029966233298182487
Epoch: 328
Train loss: 0.029378576204180717
Test loss: 0.029913779348134995
Epoch: 329
Train loss: 0.02933892421424389
Test loss: 0.029892878606915474
Epoch: 330
Train loss: 0.029290473088622093
Test loss: 0.029821133241057396
Epoch: 331
Train loss: 0.029248937964439392
Test loss: 0.029792506247758865
Epoch: 332
Train loss: 0.02920544147491455
Test loss: 0.029753081500530243
Epoch: 333
Train loss: 0.029169762507081032
Test loss: 0.029731707647442818
Epoch: 334
Train loss: 0.029119785875082016
Test loss: 0.02966088056564331
Epoch: 335
Train loss: 0.029057497158646584
Test loss: 0.029598040506243706
Epoch: 336
Train loss: 0.02902197651565075
Test loss: 0.029596975073218346
Epoch: 337
Train loss: 0.028983112424612045
Test loss: 0.02954019419848919
Epoch: 338
Train loss: 0.028946343809366226
Test loss: 0.029488006606698036
Epoch: 339
Train loss: 0.028908565640449524
Test loss: 0.02948835864663124
Epoch: 340
Train loss: 0.02886022813618183
Test loss: 0.029446233063936234
Epoch: 341
Train loss: 0.02882135473191738
Test loss: 0.029388006776571274
Epoch: 342
Train loss: 0.028790410608053207
Test loss: 0.029359523206949234
Epoch: 343
Train loss: 0.028741445392370224
Test loss: 0.029301660135388374
Epoch: 344
Train loss: 0.028705960139632225
Test loss: 0.029273055493831635
Epoch: 345
Train loss: 0.028688102960586548
Test loss: 0.029257632791996002
Epoch: 346
Train loss: 0.028654413297772408
Test loss: 0.02923988364636898
Epoch: 347
Train loss: 0.028610169887542725
Test loss: 0.029177147895097733
Epoch: 348
Train loss: 0.028564387932419777
Test loss: 0.02913753315806389
Epoch: 349
Train loss: 0.028527049347758293
Test loss: 0.029062611982226372
Epoch: 350
Train loss: 0.028489092364907265
Test loss: 0.02905150316655636
Epoch: 351
Train loss: 0.028470128774642944
Test loss: 0.029012691229581833
Epoch: 352
Train loss: 0.02844730205833912
Test loss: 0.02900630608201027
Epoch: 353
Train loss: 0.028404153883457184
Test loss: 0.028965018689632416
Epoch: 354
Train loss: 0.028363626450300217
Test loss: 0.028891246765851974
Epoch: 355
Train loss: 0.02832621894776821
Test loss: 0.028874479234218597
Epoch: 356
Train loss: 0.028279243037104607
Test loss: 0.02881612814962864
Epoch: 357
Train loss: 0.02824288047850132
Test loss: 0.02881409041583538
Epoch: 358
Train loss: 0.02820996567606926
Test loss: 0.028775719925761223
Epoch: 359
Train loss: 0.028175992891192436
Test loss: 0.028758417814970016
Epoch: 360
Train loss: 0.02811621129512787
Test loss: 0.02866353653371334
Epoch: 361
Train loss: 0.02809234708547592
Test loss: 0.028666360303759575
Epoch: 362
Train loss: 0.028057262301445007
Test loss: 0.028625965118408203
Epoch: 363
Train loss: 0.028020484372973442
Test loss: 0.028585294261574745
Epoch: 364
Train loss: 0.027982845902442932
Test loss: 0.028577124699950218
Epoch: 365
Train loss: 0.027948785573244095
Test loss: 0.028531523421406746
Epoch: 366
Train loss: 0.027924777939915657
Test loss: 0.028499312698841095
Epoch: 367
Train loss: 0.027886344119906425
Test loss: 0.028483115136623383
Epoch: 368
Train loss: 0.027843404561281204
Test loss: 0.028432399034500122
Epoch: 369
Train loss: 0.02780495025217533
Test loss: 0.02841034159064293
Epoch: 370
Train loss: 0.027755770832300186
Test loss: 0.028339965268969536
Epoch: 371
Train loss: 0.027736425399780273
Test loss: 0.02833525836467743
Epoch: 372
Train loss: 0.027700847014784813
Test loss: 0.02828812412917614
Epoch: 373
Train loss: 0.027664199471473694
Test loss: 0.028258653357625008
Epoch: 374
Train loss: 0.027630090713500977
Test loss: 0.02821090817451477
Epoch: 375
Train loss: 0.027592435479164124
Test loss: 0.02818564511835575
Epoch: 376
Train loss: 0.027568314224481583
Test loss: 0.028158601373434067
Epoch: 377
Train loss: 0.027524227276444435
Test loss: 0.028110669925808907
Epoch: 378
Train loss: 0.027484171092510223
Test loss: 0.028072591871023178
Epoch: 379
Train loss: 0.02745509333908558
Test loss: 0.028025474399328232
Epoch: 380
Train loss: 0.027423713356256485
Test loss: 0.02800414338707924
Epoch: 381
Train loss: 0.027393681928515434
Test loss: 0.02799397148191929
Epoch: 382
Train loss: 0.027351222932338715
Test loss: 0.027928084135055542
Epoch: 383
Train loss: 0.027322599664330482
Test loss: 0.027896001935005188
Epoch: 384
Train loss: 0.027288563549518585
Test loss: 0.027845710515975952
Epoch: 385
Train loss: 0.027273930609226227
Test loss: 0.02785268984735012
Epoch: 386
Train loss: 0.02724010869860649
Test loss: 0.027829254046082497
Epoch: 387
Train loss: 0.027213364839553833
Test loss: 0.027789950370788574
Epoch: 388
Train loss: 0.027189111337065697
Test loss: 0.027790963649749756
Epoch: 389
Train loss: 0.02715689316391945
Test loss: 0.027751363813877106
Epoch: 390
Train loss: 0.027119819074869156
Test loss: 0.02772008627653122
Epoch: 391
Train loss: 0.027099695056676865
Test loss: 0.027683626860380173
Epoch: 392
Train loss: 0.027081066742539406
Test loss: 0.027678275480866432
Epoch: 393
Train loss: 0.0270521380007267
Test loss: 0.02764900028705597
Epoch: 394
Train loss: 0.02701454423367977
Test loss: 0.027610573917627335
Epoch: 395
Train loss: 0.026996279135346413
Test loss: 0.02757740020751953
Epoch: 396
Train loss: 0.026957500725984573
Test loss: 0.027538686990737915
Epoch: 397
Train loss: 0.026924259960651398
Test loss: 0.02752525918185711
Epoch: 398
Train loss: 0.026901988312602043
Test loss: 0.027483148500323296
Epoch: 399
Train loss: 0.02687055990099907
Test loss: 0.027462810277938843
Epoch: 400
Train loss: 0.026835761964321136
Test loss: 0.027423180639743805
Epoch: 401
Train loss: 0.02680259197950363
Test loss: 0.027387047186493874
Epoch: 402
Train loss: 0.02677769958972931
Test loss: 0.027347207069396973
Epoch: 403
Train loss: 0.026749787852168083
Test loss: 0.027321288362145424
Epoch: 404
Train loss: 0.02671770006418228
Test loss: 0.027311336249113083
Epoch: 405
Train loss: 0.02670656330883503
Test loss: 0.027279766276478767
Epoch: 406
Train loss: 0.02668609470129013
Test loss: 0.02723325975239277
Epoch: 407
Train loss: 0.026657091453671455
Test loss: 0.02722260169684887
Epoch: 408
Train loss: 0.02663036249577999
Test loss: 0.027202390134334564
Epoch: 409
Train loss: 0.02660716138780117
Test loss: 0.02718118205666542
Epoch: 410
Train loss: 0.02658967860043049
Test loss: 0.027156170457601547
Epoch: 411
Train loss: 0.026562437415122986
Test loss: 0.027157219126820564
Epoch: 412
Train loss: 0.026534879580140114
Test loss: 0.027119886130094528
Epoch: 413
Train loss: 0.026504557579755783
Test loss: 0.0270881038159132
Epoch: 414
Train loss: 0.02647995389997959
Test loss: 0.027069447562098503
Epoch: 415
Train loss: 0.026465369388461113
Test loss: 0.027047855779528618
Epoch: 416
Train loss: 0.026448151096701622
Test loss: 0.027025528252124786
Epoch: 417
Train loss: 0.026415454223752022
Test loss: 0.02702915295958519
Epoch: 418
Train loss: 0.026402637362480164
Test loss: 0.027029894292354584
Epoch: 419
Train loss: 0.026378285139799118
Test loss: 0.026974011212587357
Epoch: 420
Train loss: 0.02634584531188011
Test loss: 0.026940401643514633
Epoch: 421
Train loss: 0.02632422000169754
Test loss: 0.026919633150100708
Epoch: 422
Train loss: 0.026295753195881844
Test loss: 0.02688908949494362
Epoch: 423
Train loss: 0.026259886100888252
Test loss: 0.026836590841412544
Epoch: 424
Train loss: 0.026240555569529533
Test loss: 0.026844261214137077
Epoch: 425
Train loss: 0.026222839951515198
Test loss: 0.02680402807891369
Epoch: 426
Train loss: 0.026190519332885742
Test loss: 0.02678087167441845
Epoch: 427
Train loss: 0.02616969496011734
Test loss: 0.026757875457406044
Epoch: 428
Train loss: 0.02614734135568142
Test loss: 0.026734618470072746
Epoch: 429
Train loss: 0.02612956240773201
Test loss: 0.02669196017086506
Epoch: 430
Train loss: 0.026097102090716362
Test loss: 0.026682056486606598
Epoch: 431
Train loss: 0.026068611070513725
Test loss: 0.026675637811422348
Epoch: 432
Train loss: 0.02604636922478676
Test loss: 0.026625944301486015
Epoch: 433
Train loss: 0.02601717785000801
Test loss: 0.026612643152475357
Epoch: 434
Train loss: 0.025985462591052055
Test loss: 0.026587018743157387
Epoch: 435
Train loss: 0.025954926386475563
Test loss: 0.026557669043540955
Epoch: 436
Train loss: 0.025930255651474
Test loss: 0.02653525583446026
Epoch: 437
Train loss: 0.02589254267513752
Test loss: 0.026509858667850494
Epoch: 438
Train loss: 0.025869164615869522
Test loss: 0.02651028521358967
Epoch: 439
Train loss: 0.025844231247901917
Test loss: 0.02649748884141445
Epoch: 440
Train loss: 0.025824910029768944
Test loss: 0.026461809873580933
Epoch: 441
Train loss: 0.025777947157621384
Test loss: 0.026420999318361282
Epoch: 442
Train loss: 0.02576678805053234
Test loss: 0.026407327502965927
Epoch: 443
Train loss: 0.02575310319662094
Test loss: 0.026398159563541412
Epoch: 444
Train loss: 0.025735152885317802
Test loss: 0.02635006606578827
Epoch: 445
Train loss: 0.025719135999679565
Test loss: 0.02634526416659355
Epoch: 446
Train loss: 0.025691097602248192
Test loss: 0.026313578709959984
Epoch: 447
Train loss: 0.02566966973245144
Test loss: 0.02628357522189617
Epoch: 448
Train loss: 0.02564886212348938
Test loss: 0.026267658919095993
Epoch: 449
Train loss: 0.025620225816965103
Test loss: 0.02624838426709175
Epoch: 450
Train loss: 0.02559349313378334
Test loss: 0.026222599670290947
Epoch: 451
Train loss: 0.025575809180736542
Test loss: 0.02621152251958847
Epoch: 452
Train loss: 0.025539075955748558
Test loss: 0.026152532547712326
Epoch: 453
Train loss: 0.02551436610519886
Test loss: 0.026121018454432487
Epoch: 454
Train loss: 0.02549261786043644
Test loss: 0.026140842586755753
Epoch: 455
Train loss: 0.0254688523709774
Test loss: 0.0261033046990633
Epoch: 456
Train loss: 0.025435037910938263
Test loss: 0.026062283664941788
Epoch: 457
Train loss: 0.02540428191423416
Test loss: 0.026043009012937546
Epoch: 458
Train loss: 0.02537737414240837
Test loss: 0.02599313110113144
Epoch: 459
Train loss: 0.02535387873649597
Test loss: 0.025965014472603798
Epoch: 460
Train loss: 0.02532990649342537
Test loss: 0.02596825547516346
Epoch: 461
Train loss: 0.025307675823569298
Test loss: 0.025939099490642548
Epoch: 462
Train loss: 0.02529049664735794
Test loss: 0.025925977155566216
Epoch: 463
Train loss: 0.025267615914344788
Test loss: 0.025889864191412926
Epoch: 464
Train loss: 0.025249050930142403
Test loss: 0.025868453085422516
Epoch: 465
Train loss: 0.025227101519703865
Test loss: 0.025831181555986404
Epoch: 466
Train loss: 0.025208154693245888
Test loss: 0.025833752006292343
Epoch: 467
Train loss: 0.0251888670027256
Test loss: 0.025798041373491287
Epoch: 468
Train loss: 0.02517125755548477
Test loss: 0.0258018895983696
Epoch: 469
Train loss: 0.02514961175620556
Test loss: 0.02574121579527855
Epoch: 470
Train loss: 0.025125157088041306
Test loss: 0.025709249079227448
Epoch: 471
Train loss: 0.025108996778726578
Test loss: 0.025702590122818947
Epoch: 472
Train loss: 0.025095168501138687
Test loss: 0.02569439820945263
Epoch: 473
Train loss: 0.02507917210459709
Test loss: 0.025676235556602478
Epoch: 474
Train loss: 0.025059476494789124
Test loss: 0.02564110793173313
Epoch: 475
Train loss: 0.02503831684589386
Test loss: 0.025648964568972588
Epoch: 476
Train loss: 0.025013776496052742
Test loss: 0.025609774515032768
Epoch: 477
Train loss: 0.024989429861307144
Test loss: 0.0255906879901886
Epoch: 478
Train loss: 0.024961194023489952
Test loss: 0.025562476366758347
Epoch: 479
Train loss: 0.024931060150265694
Test loss: 0.02551545761525631
Epoch: 480
Train loss: 0.024903934448957443
Test loss: 0.02547110989689827
Epoch: 481
Train loss: 0.02487460896372795
Test loss: 0.0254688560962677
Epoch: 482
Train loss: 0.024851053953170776
Test loss: 0.02542916126549244
Epoch: 483
Train loss: 0.02483857423067093
Test loss: 0.0254302266985178
Epoch: 484
Train loss: 0.02481391467154026
Test loss: 0.02540135756134987
Epoch: 485
Train loss: 0.024790199473500252
Test loss: 0.025355596095323563
Epoch: 486
Train loss: 0.024782104417681694
Test loss: 0.0253826342523098
Epoch: 487
Train loss: 0.024766067042946815
Test loss: 0.025350211188197136
Epoch: 488
Train loss: 0.024752173572778702
Test loss: 0.0253571979701519
Epoch: 489
Train loss: 0.024721024557948112
Test loss: 0.025307297706604004
Epoch: 490
Train loss: 0.02470240369439125
Test loss: 0.025297660380601883
Epoch: 491
Train loss: 0.0246895644813776
Test loss: 0.02527872659265995
Epoch: 492
Train loss: 0.024668877944350243
Test loss: 0.02525186724960804
Epoch: 493
Train loss: 0.024648843333125114
Test loss: 0.02526356279850006
Epoch: 494
Train loss: 0.024636581540107727
Test loss: 0.02521977573633194
Epoch: 495
Train loss: 0.024616412818431854
Test loss: 0.025234008207917213
Epoch: 496
Train loss: 0.024598507210612297
Test loss: 0.025185536593198776
Epoch: 497
Train loss: 0.024578765034675598
Test loss: 0.02518301084637642
Epoch: 498
Train loss: 0.024555956944823265
Test loss: 0.025137506425380707
Epoch: 499
Train loss: 0.02452935092151165
Test loss: 0.025137577205896378
====================================================================================================
Trainer: BPTrainer (SGD_trainer)
Settings: {'method': 'GradientDescentOptimizer', 'args': {'learning_rate': 0.1}}
====================================================================================================
Epoch: init
Train loss: 76.24555969238281
Test loss: 89.11460876464844
Epoch: 0
Train loss: 0.6546657085418701
Test loss: 0.6438865661621094
Epoch: 1
Train loss: 0.6545373797416687
Test loss: 0.6439255475997925
Epoch: 2
Train loss: 0.6544207334518433
Test loss: 0.6439657211303711
Epoch: 3
Train loss: 0.6543142795562744
Test loss: 0.6440062522888184
Epoch: 4
Train loss: 0.6542168259620667
Test loss: 0.6440466046333313
Epoch: 5
Train loss: 0.6541272401809692
Test loss: 0.6440861821174622
Epoch: 6
Train loss: 0.6540445685386658
Test loss: 0.6441245079040527
Epoch: 7
Train loss: 0.6539679765701294
Test loss: 0.6441614031791687
Epoch: 8
Train loss: 0.653896689414978
Test loss: 0.6441965103149414
Epoch: 9
Train loss: 0.6538301706314087
Test loss: 0.6442297101020813
Epoch: 10
Train loss: 0.6537678241729736
Test loss: 0.6442608833312988
Epoch: 11
Train loss: 0.6537089943885803
Test loss: 0.6442896127700806
Epoch: 12
Train loss: 0.6536535024642944
Test loss: 0.6443161964416504
Epoch: 13
Train loss: 0.6536006331443787
Test loss: 0.6443403363227844
Epoch: 14
Train loss: 0.6535503268241882
Test loss: 0.644362211227417
Epoch: 15
Train loss: 0.6535022258758545
Test loss: 0.6443817019462585
Epoch: 16
Train loss: 0.6534558534622192
Test loss: 0.6443988084793091
Epoch: 17
Train loss: 0.653411328792572
Test loss: 0.6444136500358582
Epoch: 18
Train loss: 0.6533682346343994
Test loss: 0.6444262862205505
Epoch: 19
Train loss: 0.6533263921737671
Test loss: 0.6444366574287415
Epoch: 20
Train loss: 0.6532857418060303
Test loss: 0.6444449424743652
Epoch: 21
Train loss: 0.6532460451126099
Test loss: 0.6444512009620667
Epoch: 22
Train loss: 0.6532072424888611
Test loss: 0.6444553732872009
Epoch: 23
Train loss: 0.6531692147254944
Test loss: 0.6444576978683472
Epoch: 24
Train loss: 0.6531318426132202
Test loss: 0.6444581747055054
Epoch: 25
Train loss: 0.6530951857566833
Test loss: 0.6444568634033203
Epoch: 26
Train loss: 0.6530589461326599
Test loss: 0.6444538831710815
Epoch: 27
Train loss: 0.6530232429504395
Test loss: 0.6444492340087891
Epoch: 28
Train loss: 0.6529878377914429
Test loss: 0.6444430351257324
Epoch: 29
Train loss: 0.6529529094696045
Test loss: 0.6444354057312012
Epoch: 30
Train loss: 0.6529182195663452
Test loss: 0.6444264054298401
Epoch: 31
Train loss: 0.6528838276863098
Test loss: 0.644416093826294
Epoch: 32
Train loss: 0.6528496146202087
Test loss: 0.6444045305252075
Epoch: 33
Train loss: 0.6528157591819763
Test loss: 0.644391655921936
Epoch: 34
Train loss: 0.6527819633483887
Test loss: 0.6443777084350586
Epoch: 35
Train loss: 0.6527484655380249
Test loss: 0.64436274766922
Epoch: 36
Train loss: 0.6527150869369507
Test loss: 0.6443467140197754
Epoch: 37
Train loss: 0.6526817679405212
Test loss: 0.6443297863006592
Epoch: 38
Train loss: 0.6526486277580261
Test loss: 0.6443119645118713
Epoch: 39
Train loss: 0.652615487575531
Test loss: 0.6442931890487671
Epoch: 40
Train loss: 0.652582585811615
Test loss: 0.6442736387252808
Epoch: 41
Train loss: 0.6525497436523438
Test loss: 0.6442534327507019
Epoch: 42
Train loss: 0.6525169014930725
Test loss: 0.6442323923110962
Epoch: 43
Train loss: 0.6524841785430908
Test loss: 0.6442107558250427
Epoch: 44
Train loss: 0.6524514555931091
Test loss: 0.644188404083252
Epoch: 45
Train loss: 0.6524187922477722
Test loss: 0.6441654562950134
Epoch: 46
Train loss: 0.6523862481117249
Test loss: 0.6441420316696167
Epoch: 47
Train loss: 0.6523536443710327
Test loss: 0.6441180109977722
Epoch: 48
Train loss: 0.6523212194442749
Test loss: 0.6440935134887695
Epoch: 49
Train loss: 0.6522886753082275
Test loss: 0.6440685987472534
Epoch: 50
Train loss: 0.6522562503814697
Test loss: 0.6440432071685791
Epoch: 51
Train loss: 0.6522237658500671
Test loss: 0.6440173387527466
Epoch: 52
Train loss: 0.6521913409233093
Test loss: 0.6439911127090454
Epoch: 53
Train loss: 0.6521589756011963
Test loss: 0.6439645290374756
Epoch: 54
Train loss: 0.6521266102790833
Test loss: 0.6439375877380371
Epoch: 55
Train loss: 0.6520942449569702
Test loss: 0.6439103484153748
Epoch: 56
Train loss: 0.652061939239502
Test loss: 0.6438828706741333
Epoch: 57
Train loss: 0.6520296931266785
Test loss: 0.6438550353050232
Epoch: 58
Train loss: 0.6519973278045654
Test loss: 0.643826961517334
Epoch: 59
Train loss: 0.6519650816917419
Test loss: 0.6437985897064209
Epoch: 60
Train loss: 0.6519327163696289
Test loss: 0.6437699794769287
Epoch: 61
Train loss: 0.6519005298614502
Test loss: 0.6437411308288574
Epoch: 62
Train loss: 0.6518683433532715
Test loss: 0.6437121629714966
Epoch: 63
Train loss: 0.6518360376358032
Test loss: 0.6436830163002014
Epoch: 64
Train loss: 0.6518038511276245
Test loss: 0.6436536312103271
Epoch: 65
Train loss: 0.6517716646194458
Test loss: 0.6436240673065186
Epoch: 66
Train loss: 0.6517394185066223
Test loss: 0.6435943841934204
Epoch: 67
Train loss: 0.6517072319984436
Test loss: 0.6435645222663879
Epoch: 68
Train loss: 0.6516750454902649
Test loss: 0.6435345411300659
Epoch: 69
Train loss: 0.6516428589820862
Test loss: 0.6435044407844543
Epoch: 70
Train loss: 0.6516107320785522
Test loss: 0.6434742212295532
Epoch: 71
Train loss: 0.6515785455703735
Test loss: 0.6434438824653625
Epoch: 72
Train loss: 0.6515463590621948
Test loss: 0.6434134244918823
Epoch: 73
Train loss: 0.6515142321586609
Test loss: 0.6433829069137573
Epoch: 74
Train loss: 0.651482105255127
Test loss: 0.6433522701263428
Epoch: 75
Train loss: 0.6514499187469482
Test loss: 0.6433215141296387
Epoch: 76
Train loss: 0.6514177918434143
Test loss: 0.643290638923645
Epoch: 77
Train loss: 0.6513857245445251
Test loss: 0.6432597637176514
Epoch: 78
Train loss: 0.6513535976409912
Test loss: 0.6432288885116577
Epoch: 79
Train loss: 0.651321530342102
Test loss: 0.643197774887085
Epoch: 80
Train loss: 0.6512894630432129
Test loss: 0.6431667804718018
Epoch: 81
Train loss: 0.6512573957443237
Test loss: 0.6431355476379395
Epoch: 82
Train loss: 0.6512253284454346
Test loss: 0.6431044340133667
Epoch: 83
Train loss: 0.6511931419372559
Test loss: 0.6430732011795044
Epoch: 84
Train loss: 0.6511610746383667
Test loss: 0.6430418491363525
Epoch: 85
Train loss: 0.6511289477348328
Test loss: 0.6430105566978455
Epoch: 86
Train loss: 0.6510969996452332
Test loss: 0.6429791450500488
Epoch: 87
Train loss: 0.6510649919509888
Test loss: 0.642947793006897
Epoch: 88
Train loss: 0.6510329246520996
Test loss: 0.6429163217544556
Epoch: 89
Train loss: 0.6510008573532104
Test loss: 0.6428848505020142
Epoch: 90
Train loss: 0.6509687304496765
Test loss: 0.6428533792495728
Epoch: 91
Train loss: 0.6509367823600769
Test loss: 0.6428218483924866
Epoch: 92
Train loss: 0.6509047746658325
Test loss: 0.6427903175354004
Epoch: 93
Train loss: 0.6508727073669434
Test loss: 0.6427587270736694
Epoch: 94
Train loss: 0.6508407592773438
Test loss: 0.6427271962165833
Epoch: 95
Train loss: 0.6508088111877441
Test loss: 0.6426955461502075
Epoch: 96
Train loss: 0.6507768034934998
Test loss: 0.6426638960838318
Epoch: 97
Train loss: 0.6507447957992554
Test loss: 0.6426323056221008
Epoch: 98
Train loss: 0.6507128477096558
Test loss: 0.6426005959510803
Epoch: 99
Train loss: 0.6506808400154114
Test loss: 0.6425688862800598
Epoch: 100
Train loss: 0.6506488919258118
Test loss: 0.6425372362136841
Epoch: 101
Train loss: 0.6506170034408569
Test loss: 0.6425055265426636
Epoch: 102
Train loss: 0.6505850553512573
Test loss: 0.6424738764762878
Epoch: 103
Train loss: 0.6505529880523682
Test loss: 0.6424421668052673
Epoch: 104
Train loss: 0.6505210399627686
Test loss: 0.6424104571342468
Epoch: 105
Train loss: 0.6504892110824585
Test loss: 0.6423786878585815
Epoch: 106
Train loss: 0.6504572629928589
Test loss: 0.6423469185829163
Epoch: 107
Train loss: 0.6504253149032593
Test loss: 0.642315149307251
Epoch: 108
Train loss: 0.6503934264183044
Test loss: 0.6422834396362305
Epoch: 109
Train loss: 0.6503614187240601
Test loss: 0.6422516703605652
Epoch: 110
Train loss: 0.6503296494483948
Test loss: 0.6422199606895447
Epoch: 111
Train loss: 0.6502977013587952
Test loss: 0.6421881318092346
Epoch: 112
Train loss: 0.6502658128738403
Test loss: 0.6421564817428589
Epoch: 113
Train loss: 0.6502339839935303
Test loss: 0.6421247124671936
Epoch: 114
Train loss: 0.6502020955085754
Test loss: 0.6420928835868835
Epoch: 115
Train loss: 0.6501702070236206
Test loss: 0.6420611143112183
Epoch: 116
Train loss: 0.6501383781433105
Test loss: 0.6420294046401978
Epoch: 117
Train loss: 0.6501064896583557
Test loss: 0.6419975757598877
Epoch: 118
Train loss: 0.6500746607780457
Test loss: 0.6419658660888672
Epoch: 119
Train loss: 0.6500428318977356
Test loss: 0.6419341564178467
Epoch: 120
Train loss: 0.6500109434127808
Test loss: 0.6419022679328918
Epoch: 121
Train loss: 0.6499791145324707
Test loss: 0.6418704986572266
Epoch: 122
Train loss: 0.6499473452568054
Test loss: 0.641838788986206
Epoch: 123
Train loss: 0.6499154567718506
Test loss: 0.6418070793151855
Epoch: 124
Train loss: 0.6498837471008301
Test loss: 0.6417753100395203
Epoch: 125
Train loss: 0.64985191822052
Test loss: 0.641743540763855
Epoch: 126
Train loss: 0.64982008934021
Test loss: 0.6417118310928345
Epoch: 127
Train loss: 0.6497882604598999
Test loss: 0.6416800618171692
Epoch: 128
Train loss: 0.6497564911842346
Test loss: 0.6416482925415039
Epoch: 129
Train loss: 0.6497247219085693
Test loss: 0.6416165828704834
Epoch: 130
Train loss: 0.649692952632904
Test loss: 0.6415848731994629
Epoch: 131
Train loss: 0.6496611833572388
Test loss: 0.6415531039237976
Epoch: 132
Train loss: 0.6496294140815735
Test loss: 0.6415213942527771
Epoch: 133
Train loss: 0.6495976448059082
Test loss: 0.6414896845817566
Epoch: 134
Train loss: 0.6495659351348877
Test loss: 0.6414579153060913
Epoch: 135
Train loss: 0.6495342254638672
Test loss: 0.6414262652397156
Epoch: 136
Train loss: 0.6495024561882019
Test loss: 0.6413944959640503
Epoch: 137
Train loss: 0.6494706869125366
Test loss: 0.6413628458976746
Epoch: 138
Train loss: 0.6494389176368713
Test loss: 0.641331136226654
Epoch: 139
Train loss: 0.6494072675704956
Test loss: 0.6412994265556335
Epoch: 140
Train loss: 0.6493755578994751
Test loss: 0.6412677764892578
Epoch: 141
Train loss: 0.6493438482284546
Test loss: 0.6412361264228821
Epoch: 142
Train loss: 0.6493121385574341
Test loss: 0.6412044167518616
Epoch: 143
Train loss: 0.6492804884910583
Test loss: 0.6411727070808411
Epoch: 144
Train loss: 0.6492488384246826
Test loss: 0.6411410570144653
Epoch: 145
Train loss: 0.6492171287536621
Test loss: 0.6411094069480896
Epoch: 146
Train loss: 0.6491854190826416
Test loss: 0.6410777568817139
Epoch: 147
Train loss: 0.6491537094116211
Test loss: 0.6410461068153381
Epoch: 148
Train loss: 0.6491220593452454
Test loss: 0.6410144567489624
Epoch: 149
Train loss: 0.6490904688835144
Test loss: 0.6409828066825867
Epoch: 150
Train loss: 0.6490587592124939
Test loss: 0.6409511566162109
Epoch: 151
Train loss: 0.6490271091461182
Test loss: 0.64091956615448
Epoch: 152
Train loss: 0.6489955186843872
Test loss: 0.640887975692749
Epoch: 153
Train loss: 0.6489639282226562
Test loss: 0.6408563256263733
Epoch: 154
Train loss: 0.6489323377609253
Test loss: 0.6408246755599976
Epoch: 155
Train loss: 0.6489006876945496
Test loss: 0.6407930850982666
Epoch: 156
Train loss: 0.6488690972328186
Test loss: 0.6407614946365356
Epoch: 157
Train loss: 0.6488375067710876
Test loss: 0.6407299041748047
Epoch: 158
Train loss: 0.6488058567047119
Test loss: 0.640698254108429
Epoch: 159
Train loss: 0.648774266242981
Test loss: 0.6406667232513428
Epoch: 160
Train loss: 0.64874267578125
Test loss: 0.6406351327896118
Epoch: 161
Train loss: 0.6487111449241638
Test loss: 0.6406035423278809
Epoch: 162
Train loss: 0.6486796140670776
Test loss: 0.6405720114707947
Epoch: 163
Train loss: 0.6486480236053467
Test loss: 0.6405404210090637
Epoch: 164
Train loss: 0.648616373538971
Test loss: 0.6405088901519775
Epoch: 165
Train loss: 0.6485848426818848
Test loss: 0.6404773592948914
Epoch: 166
Train loss: 0.6485533118247986
Test loss: 0.6404457688331604
Epoch: 167
Train loss: 0.6485217809677124
Test loss: 0.6404142379760742
Epoch: 168
Train loss: 0.648490309715271
Test loss: 0.6403827667236328
Epoch: 169
Train loss: 0.64845871925354
Test loss: 0.6403511762619019
Epoch: 170
Train loss: 0.6484272480010986
Test loss: 0.6403197050094604
Epoch: 171
Train loss: 0.6483957171440125
Test loss: 0.6402881741523743
Epoch: 172
Train loss: 0.6483641862869263
Test loss: 0.6402566432952881
Epoch: 173
Train loss: 0.6483326554298401
Test loss: 0.6402251124382019
Epoch: 174
Train loss: 0.6483012437820435
Test loss: 0.6401937007904053
Epoch: 175
Train loss: 0.6482697129249573
Test loss: 0.6401622295379639
Epoch: 176
Train loss: 0.6482383012771606
Test loss: 0.6401308178901672
Epoch: 177
Train loss: 0.6482068300247192
Test loss: 0.6400992274284363
Epoch: 178
Train loss: 0.6481753587722778
Test loss: 0.6400677561759949
Epoch: 179
Train loss: 0.6481438875198364
Test loss: 0.6400362849235535
Epoch: 180
Train loss: 0.648112416267395
Test loss: 0.6400048732757568
Epoch: 181
Train loss: 0.6480808854103088
Test loss: 0.6399733424186707
Epoch: 182
Train loss: 0.6480494141578674
Test loss: 0.639941930770874
Epoch: 183
Train loss: 0.6480180025100708
Test loss: 0.6399105191230774
Epoch: 184
Train loss: 0.647986650466919
Test loss: 0.6398791074752808
Epoch: 185
Train loss: 0.6479551792144775
Test loss: 0.6398476362228394
Epoch: 186
Train loss: 0.6479237675666809
Test loss: 0.6398162245750427
Epoch: 187
Train loss: 0.6478923559188843
Test loss: 0.6397848725318909
Epoch: 188
Train loss: 0.6478609442710876
Test loss: 0.6397534608840942
Epoch: 189
Train loss: 0.647829532623291
Test loss: 0.6397220492362976
Epoch: 190
Train loss: 0.6477981805801392
Test loss: 0.639690637588501
Epoch: 191
Train loss: 0.6477668285369873
Test loss: 0.6396592855453491
Epoch: 192
Train loss: 0.6477354764938354
Test loss: 0.6396279335021973
Epoch: 193
Train loss: 0.647704005241394
Test loss: 0.6395965218544006
Epoch: 194
Train loss: 0.6476726531982422
Test loss: 0.6395651698112488
Epoch: 195
Train loss: 0.6476413011550903
Test loss: 0.6395338177680969
Epoch: 196
Train loss: 0.6476098895072937
Test loss: 0.6395024657249451
Epoch: 197
Train loss: 0.6475785970687866
Test loss: 0.6394711136817932
Epoch: 198
Train loss: 0.6475472450256348
Test loss: 0.6394398212432861
Epoch: 199
Train loss: 0.6475158929824829
Test loss: 0.6394084692001343
Epoch: 200
Train loss: 0.647484540939331
Test loss: 0.6393771171569824
Epoch: 201
Train loss: 0.647453248500824
Test loss: 0.6393457651138306
Epoch: 202
Train loss: 0.6474219560623169
Test loss: 0.6393144130706787
Epoch: 203
Train loss: 0.6473905444145203
Test loss: 0.6392831206321716
Epoch: 204
Train loss: 0.647359311580658
Test loss: 0.6392518281936646
Epoch: 205
Train loss: 0.6473280191421509
Test loss: 0.6392205357551575
Epoch: 206
Train loss: 0.6472967267036438
Test loss: 0.6391892433166504
Epoch: 207
Train loss: 0.6472654342651367
Test loss: 0.6391579508781433
Epoch: 208
Train loss: 0.6472341418266296
Test loss: 0.6391266584396362
Epoch: 209
Train loss: 0.6472028493881226
Test loss: 0.6390954256057739
Epoch: 210
Train loss: 0.6471716165542603
Test loss: 0.6390640735626221
Epoch: 211
Train loss: 0.6471403241157532
Test loss: 0.6390328407287598
Epoch: 212
Train loss: 0.6471090912818909
Test loss: 0.6390016078948975
Epoch: 213
Train loss: 0.6470777988433838
Test loss: 0.6389703750610352
Epoch: 214
Train loss: 0.6470465660095215
Test loss: 0.6389391422271729
Epoch: 215
Train loss: 0.6470153331756592
Test loss: 0.6389079093933105
Epoch: 216
Train loss: 0.6469841003417969
Test loss: 0.6388766765594482
Epoch: 217
Train loss: 0.6469528675079346
Test loss: 0.6388453841209412
Epoch: 218
Train loss: 0.6469216346740723
Test loss: 0.6388142108917236
Epoch: 219
Train loss: 0.6468904614448547
Test loss: 0.6387829780578613
Epoch: 220
Train loss: 0.6468592882156372
Test loss: 0.6387518048286438
Epoch: 221
Train loss: 0.6468280553817749
Test loss: 0.6387205719947815
Epoch: 222
Train loss: 0.6467968821525574
Test loss: 0.638689398765564
Epoch: 223
Train loss: 0.6467655897140503
Test loss: 0.6386582255363464
Epoch: 224
Train loss: 0.6467344164848328
Test loss: 0.6386269927024841
Epoch: 225
Train loss: 0.64670330286026
Test loss: 0.6385958790779114
Epoch: 226
Train loss: 0.6466721296310425
Test loss: 0.6385647058486938
Epoch: 227
Train loss: 0.646640956401825
Test loss: 0.6385334730148315
Epoch: 228
Train loss: 0.6466097831726074
Test loss: 0.6385023593902588
Epoch: 229
Train loss: 0.6465786099433899
Test loss: 0.6384711861610413
Epoch: 230
Train loss: 0.6465474963188171
Test loss: 0.6384400725364685
Epoch: 231
Train loss: 0.6465163230895996
Test loss: 0.6384089589118958
Epoch: 232
Train loss: 0.6464852690696716
Test loss: 0.6383777856826782
Epoch: 233
Train loss: 0.6464540958404541
Test loss: 0.6383466720581055
Epoch: 234
Train loss: 0.6464229822158813
Test loss: 0.6383155584335327
Epoch: 235
Train loss: 0.6463918685913086
Test loss: 0.63828444480896
Epoch: 236
Train loss: 0.6463607549667358
Test loss: 0.6382533311843872
Epoch: 237
Train loss: 0.6463296413421631
Test loss: 0.6382222771644592
Epoch: 238
Train loss: 0.6462985873222351
Test loss: 0.6381911635398865
Epoch: 239
Train loss: 0.6462674736976624
Test loss: 0.6381601095199585
Epoch: 240
Train loss: 0.6462363600730896
Test loss: 0.6381289958953857
Epoch: 241
Train loss: 0.6462053060531616
Test loss: 0.638097882270813
Epoch: 242
Train loss: 0.6461743116378784
Test loss: 0.638066828250885
Epoch: 243
Train loss: 0.6461432576179504
Test loss: 0.638035774230957
Epoch: 244
Train loss: 0.6461121439933777
Test loss: 0.638004720211029
Epoch: 245
Train loss: 0.6460810899734497
Test loss: 0.6379736661911011
Epoch: 246
Train loss: 0.6460500359535217
Test loss: 0.6379426121711731
Epoch: 247
Train loss: 0.6460189819335938
Test loss: 0.6379115581512451
Epoch: 248
Train loss: 0.6459879279136658
Test loss: 0.6378805637359619
Epoch: 249
Train loss: 0.6459568738937378
Test loss: 0.6378495097160339
Epoch: 250
Train loss: 0.6459258794784546
Test loss: 0.6378185153007507
Epoch: 251
Train loss: 0.6458948850631714
Test loss: 0.6377875208854675
Epoch: 252
Train loss: 0.6458638906478882
Test loss: 0.6377564668655396
Epoch: 253
Train loss: 0.645832896232605
Test loss: 0.6377254724502563
Epoch: 254
Train loss: 0.6458019018173218
Test loss: 0.6376944780349731
Epoch: 255
Train loss: 0.6457709074020386
Test loss: 0.6376634836196899
Epoch: 256
Train loss: 0.6457399129867554
Test loss: 0.6376324892044067
Epoch: 257
Train loss: 0.6457089185714722
Test loss: 0.6376014947891235
Epoch: 258
Train loss: 0.6456779837608337
Test loss: 0.6375706195831299
Epoch: 259
Train loss: 0.6456470489501953
Test loss: 0.6375396251678467
Epoch: 260
Train loss: 0.6456160545349121
Test loss: 0.6375086307525635
Epoch: 261
Train loss: 0.6455851197242737
Test loss: 0.637477695941925
Epoch: 262
Train loss: 0.6455541849136353
Test loss: 0.6374467611312866
Epoch: 263
Train loss: 0.645523190498352
Test loss: 0.6374157667160034
Epoch: 264
Train loss: 0.6454922556877136
Test loss: 0.6373848915100098
Epoch: 265
Train loss: 0.6454613208770752
Test loss: 0.6373539566993713
Epoch: 266
Train loss: 0.6454304456710815
Test loss: 0.6373230218887329
Epoch: 267
Train loss: 0.6453995108604431
Test loss: 0.6372921466827393
Epoch: 268
Train loss: 0.6453685760498047
Test loss: 0.6372612118721008
Epoch: 269
Train loss: 0.645337700843811
Test loss: 0.6372302770614624
Epoch: 270
Train loss: 0.6453068256378174
Test loss: 0.6371994018554688
Epoch: 271
Train loss: 0.645275890827179
Test loss: 0.6371685266494751
Epoch: 272
Train loss: 0.6452450156211853
Test loss: 0.6371376514434814
Epoch: 273
Train loss: 0.6452141404151917
Test loss: 0.6371067762374878
Epoch: 274
Train loss: 0.6451833248138428
Test loss: 0.6370759010314941
Epoch: 275
Train loss: 0.6451524496078491
Test loss: 0.6370450258255005
Epoch: 276
Train loss: 0.6451215744018555
Test loss: 0.6370142102241516
Epoch: 277
Train loss: 0.6450906991958618
Test loss: 0.6369832754135132
Epoch: 278
Train loss: 0.6450598835945129
Test loss: 0.6369524598121643
Epoch: 279
Train loss: 0.6450290083885193
Test loss: 0.6369216442108154
Epoch: 280
Train loss: 0.6449981927871704
Test loss: 0.6368907690048218
Epoch: 281
Train loss: 0.6449673771858215
Test loss: 0.6368600130081177
Epoch: 282
Train loss: 0.6449365615844727
Test loss: 0.6368291974067688
Epoch: 283
Train loss: 0.6449057459831238
Test loss: 0.6367983222007751
Epoch: 284
Train loss: 0.6448749303817749
Test loss: 0.636767566204071
Epoch: 285
Train loss: 0.644844114780426
Test loss: 0.6367367506027222
Epoch: 286
Train loss: 0.6448132991790771
Test loss: 0.6367059350013733
Epoch: 287
Train loss: 0.6447824835777283
Test loss: 0.6366751194000244
Epoch: 288
Train loss: 0.6447517275810242
Test loss: 0.6366443634033203
Epoch: 289
Train loss: 0.6447209715843201
Test loss: 0.6366135478019714
Epoch: 290
Train loss: 0.6446901559829712
Test loss: 0.6365827918052673
Epoch: 291
Train loss: 0.6446593999862671
Test loss: 0.6365520358085632
Epoch: 292
Train loss: 0.644628643989563
Test loss: 0.6365212798118591
Epoch: 293
Train loss: 0.6445978879928589
Test loss: 0.636490523815155
Epoch: 294
Train loss: 0.6445671319961548
Test loss: 0.6364597082138062
Epoch: 295
Train loss: 0.6445364356040955
Test loss: 0.6364290118217468
Epoch: 296
Train loss: 0.6445056796073914
Test loss: 0.6363983154296875
Epoch: 297
Train loss: 0.644474983215332
Test loss: 0.6363675594329834
Epoch: 298
Train loss: 0.6444442272186279
Test loss: 0.6363368630409241
Epoch: 299
Train loss: 0.6444135308265686
Test loss: 0.6363061666488647
Epoch: 300
Train loss: 0.6443828344345093
Test loss: 0.6362754106521606
Epoch: 301
Train loss: 0.6443520784378052
Test loss: 0.6362447142601013
Epoch: 302
Train loss: 0.6443213820457458
Test loss: 0.636214017868042
Epoch: 303
Train loss: 0.6442906856536865
Test loss: 0.6361833214759827
Epoch: 304
Train loss: 0.6442599892616272
Test loss: 0.6361526250839233
Epoch: 305
Train loss: 0.6442293524742126
Test loss: 0.6361219882965088
Epoch: 306
Train loss: 0.6441986560821533
Test loss: 0.6360912919044495
Epoch: 307
Train loss: 0.6441680192947388
Test loss: 0.6360605955123901
Epoch: 308
Train loss: 0.6441373229026794
Test loss: 0.6360299587249756
Epoch: 309
Train loss: 0.6441066265106201
Test loss: 0.6359992623329163
Epoch: 310
Train loss: 0.6440760493278503
Test loss: 0.6359686255455017
Epoch: 311
Train loss: 0.6440454721450806
Test loss: 0.6359379887580872
Epoch: 312
Train loss: 0.644014835357666
Test loss: 0.6359074115753174
Epoch: 313
Train loss: 0.6439841985702515
Test loss: 0.6358767151832581
Epoch: 314
Train loss: 0.6439535617828369
Test loss: 0.6358461380004883
Epoch: 315
Train loss: 0.6439229249954224
Test loss: 0.6358155012130737
Epoch: 316
Train loss: 0.6438923478126526
Test loss: 0.6357848644256592
Epoch: 317
Train loss: 0.643861711025238
Test loss: 0.6357542872428894
Epoch: 318
Train loss: 0.6438311338424683
Test loss: 0.6357236504554749
Epoch: 319
Train loss: 0.6438004970550537
Test loss: 0.6356930732727051
Epoch: 320
Train loss: 0.6437699794769287
Test loss: 0.6356624960899353
Epoch: 321
Train loss: 0.6437393426895142
Test loss: 0.6356319189071655
Epoch: 322
Train loss: 0.6437087655067444
Test loss: 0.6356013417243958
Epoch: 323
Train loss: 0.6436781883239746
Test loss: 0.635570764541626
Epoch: 324
Train loss: 0.6436476707458496
Test loss: 0.6355401873588562
Epoch: 325
Train loss: 0.6436170935630798
Test loss: 0.6355096101760864
Epoch: 326
Train loss: 0.6435865163803101
Test loss: 0.6354790925979614
Epoch: 327
Train loss: 0.6435559988021851
Test loss: 0.6354485154151917
Epoch: 328
Train loss: 0.6435254812240601
Test loss: 0.6354179978370667
Epoch: 329
Train loss: 0.6434949040412903
Test loss: 0.6353874802589417
Epoch: 330
Train loss: 0.6434643864631653
Test loss: 0.6353569030761719
Epoch: 331
Train loss: 0.6434338688850403
Test loss: 0.6353263854980469
Epoch: 332
Train loss: 0.6434033513069153
Test loss: 0.6352958679199219
Epoch: 333
Train loss: 0.6433728337287903
Test loss: 0.6352654099464417
Epoch: 334
Train loss: 0.6433423161506653
Test loss: 0.6352348923683167
Epoch: 335
Train loss: 0.6433118581771851
Test loss: 0.6352043747901917
Epoch: 336
Train loss: 0.6432813405990601
Test loss: 0.6351739168167114
Epoch: 337
Train loss: 0.6432508826255798
Test loss: 0.6351433992385864
Epoch: 338
Train loss: 0.6432203650474548
Test loss: 0.6351129412651062
Epoch: 339
Train loss: 0.6431899070739746
Test loss: 0.635082483291626
Epoch: 340
Train loss: 0.6431594491004944
Test loss: 0.635051965713501
Epoch: 341
Train loss: 0.6431289911270142
Test loss: 0.6350215077400208
Epoch: 342
Train loss: 0.6430985331535339
Test loss: 0.6349910497665405
Epoch: 343
Train loss: 0.6430680751800537
Test loss: 0.6349606513977051
Epoch: 344
Train loss: 0.6430376768112183
Test loss: 0.6349301338195801
Epoch: 345
Train loss: 0.643007218837738
Test loss: 0.6348997354507446
Epoch: 346
Train loss: 0.6429767608642578
Test loss: 0.6348692774772644
Epoch: 347
Train loss: 0.6429463624954224
Test loss: 0.634838879108429
Epoch: 348
Train loss: 0.6429159045219421
Test loss: 0.6348084807395935
Epoch: 349
Train loss: 0.6428855061531067
Test loss: 0.6347780823707581
Epoch: 350
Train loss: 0.642855167388916
Test loss: 0.6347476243972778
Epoch: 351
Train loss: 0.6428247094154358
Test loss: 0.6347172260284424
Epoch: 352
Train loss: 0.6427943110466003
Test loss: 0.6346868276596069
Epoch: 353
Train loss: 0.6427639126777649
Test loss: 0.6346564292907715
Epoch: 354
Train loss: 0.6427335739135742
Test loss: 0.634626030921936
Epoch: 355
Train loss: 0.6427031755447388
Test loss: 0.6345956921577454
Epoch: 356
Train loss: 0.6426727771759033
Test loss: 0.6345653533935547
Epoch: 357
Train loss: 0.6426424384117126
Test loss: 0.6345349550247192
Epoch: 358
Train loss: 0.642612099647522
Test loss: 0.6345046758651733
Epoch: 359
Train loss: 0.6425817608833313
Test loss: 0.6344742774963379
Epoch: 360
Train loss: 0.6425514221191406
Test loss: 0.6344438791275024
Epoch: 361
Train loss: 0.6425210237503052
Test loss: 0.6344135999679565
Epoch: 362
Train loss: 0.6424907445907593
Test loss: 0.6343832612037659
Epoch: 363
Train loss: 0.6424604058265686
Test loss: 0.6343529224395752
Epoch: 364
Train loss: 0.6424301266670227
Test loss: 0.6343225836753845
Epoch: 365
Train loss: 0.642399787902832
Test loss: 0.6342922449111938
Epoch: 366
Train loss: 0.6423695087432861
Test loss: 0.6342620253562927
Epoch: 367
Train loss: 0.6423391103744507
Test loss: 0.634231686592102
Epoch: 368
Train loss: 0.6423088312149048
Test loss: 0.6342014074325562
Epoch: 369
Train loss: 0.6422785520553589
Test loss: 0.6341711282730103
Epoch: 370
Train loss: 0.642248272895813
Test loss: 0.6341408491134644
Epoch: 371
Train loss: 0.6422179937362671
Test loss: 0.6341105103492737
Epoch: 372
Train loss: 0.6421877145767212
Test loss: 0.6340802907943726
Epoch: 373
Train loss: 0.6421574950218201
Test loss: 0.6340500116348267
Epoch: 374
Train loss: 0.642127275466919
Test loss: 0.6340197920799255
Epoch: 375
Train loss: 0.642096996307373
Test loss: 0.6339895129203796
Epoch: 376
Train loss: 0.6420667171478271
Test loss: 0.6339592933654785
Epoch: 377
Train loss: 0.6420364379882812
Test loss: 0.6339290142059326
Epoch: 378
Train loss: 0.6420062184333801
Test loss: 0.6338987350463867
Epoch: 379
Train loss: 0.641975998878479
Test loss: 0.6338685750961304
Epoch: 380
Train loss: 0.6419457793235779
Test loss: 0.6338383555412292
Epoch: 381
Train loss: 0.6419155597686768
Test loss: 0.6338081359863281
Epoch: 382
Train loss: 0.6418853998184204
Test loss: 0.633777916431427
Epoch: 383
Train loss: 0.6418551802635193
Test loss: 0.6337476968765259
Epoch: 384
Train loss: 0.6418249607086182
Test loss: 0.6337174773216248
Epoch: 385
Train loss: 0.641794741153717
Test loss: 0.6336873173713684
Epoch: 386
Train loss: 0.6417645812034607
Test loss: 0.6336570978164673
Epoch: 387
Train loss: 0.6417343616485596
Test loss: 0.6336269378662109
Epoch: 388
Train loss: 0.6417042016983032
Test loss: 0.6335967183113098
Epoch: 389
Train loss: 0.6416740417480469
Test loss: 0.6335665583610535
Epoch: 390
Train loss: 0.6416439414024353
Test loss: 0.6335363984107971
Epoch: 391
Train loss: 0.6416137218475342
Test loss: 0.6335062980651855
Epoch: 392
Train loss: 0.6415835618972778
Test loss: 0.6334761381149292
Epoch: 393
Train loss: 0.6415534019470215
Test loss: 0.6334459781646729
Epoch: 394
Train loss: 0.6415233016014099
Test loss: 0.6334158182144165
Epoch: 395
Train loss: 0.6414932012557983
Test loss: 0.6333857178688049
Epoch: 396
Train loss: 0.641463041305542
Test loss: 0.6333555579185486
Epoch: 397
Train loss: 0.6414329409599304
Test loss: 0.633325457572937
Epoch: 398
Train loss: 0.6414027810096741
Test loss: 0.6332952976226807
Epoch: 399
Train loss: 0.6413726806640625
Test loss: 0.6332652568817139
Epoch: 400
Train loss: 0.6413425803184509
Test loss: 0.6332350969314575
Epoch: 401
Train loss: 0.6413124799728394
Test loss: 0.633204996585846
Epoch: 402
Train loss: 0.6412824392318726
Test loss: 0.6331748962402344
Epoch: 403
Train loss: 0.641252338886261
Test loss: 0.6331448554992676
Epoch: 404
Train loss: 0.6412222385406494
Test loss: 0.633114755153656
Epoch: 405
Train loss: 0.6411921977996826
Test loss: 0.6330847144126892
Epoch: 406
Train loss: 0.6411621570587158
Test loss: 0.6330546140670776
Epoch: 407
Train loss: 0.6411320567131042
Test loss: 0.6330245733261108
Epoch: 408
Train loss: 0.6411019563674927
Test loss: 0.632994532585144
Epoch: 409
Train loss: 0.6410719156265259
Test loss: 0.6329644322395325
Epoch: 410
Train loss: 0.6410418748855591
Test loss: 0.6329343914985657
Epoch: 411
Train loss: 0.6410118341445923
Test loss: 0.6329043507575989
Epoch: 412
Train loss: 0.6409818530082703
Test loss: 0.6328743696212769
Epoch: 413
Train loss: 0.6409518122673035
Test loss: 0.6328443288803101
Epoch: 414
Train loss: 0.6409218311309814
Test loss: 0.6328142881393433
Epoch: 415
Train loss: 0.6408917903900146
Test loss: 0.6327843070030212
Epoch: 416
Train loss: 0.6408617496490479
Test loss: 0.6327542662620544
Epoch: 417
Train loss: 0.640831708908081
Test loss: 0.6327242851257324
Epoch: 418
Train loss: 0.640801727771759
Test loss: 0.6326942443847656
Epoch: 419
Train loss: 0.640771746635437
Test loss: 0.6326643228530884
Epoch: 420
Train loss: 0.6407418251037598
Test loss: 0.6326342821121216
Epoch: 421
Train loss: 0.640711784362793
Test loss: 0.6326043605804443
Epoch: 422
Train loss: 0.6406818628311157
Test loss: 0.6325743794441223
Epoch: 423
Train loss: 0.6406518816947937
Test loss: 0.6325443983078003
Epoch: 424
Train loss: 0.6406219005584717
Test loss: 0.6325144171714783
Epoch: 425
Train loss: 0.6405919790267944
Test loss: 0.632484495639801
Epoch: 426
Train loss: 0.6405620574951172
Test loss: 0.6324545741081238
Epoch: 427
Train loss: 0.6405320763587952
Test loss: 0.6324245929718018
Epoch: 428
Train loss: 0.6405021548271179
Test loss: 0.6323946714401245
Epoch: 429
Train loss: 0.6404722332954407
Test loss: 0.6323647499084473
Epoch: 430
Train loss: 0.6404423117637634
Test loss: 0.63233482837677
Epoch: 431
Train loss: 0.6404123902320862
Test loss: 0.6323049068450928
Epoch: 432
Train loss: 0.6403824687004089
Test loss: 0.6322749853134155
Epoch: 433
Train loss: 0.6403525471687317
Test loss: 0.6322450637817383
Epoch: 434
Train loss: 0.6403226852416992
Test loss: 0.6322152018547058
Epoch: 435
Train loss: 0.640292763710022
Test loss: 0.6321852803230286
Epoch: 436
Train loss: 0.6402629017829895
Test loss: 0.6321554183959961
Epoch: 437
Train loss: 0.6402329802513123
Test loss: 0.6321254968643188
Epoch: 438
Train loss: 0.6402031183242798
Test loss: 0.6320956349372864
Epoch: 439
Train loss: 0.6401732563972473
Test loss: 0.6320657730102539
Epoch: 440
Train loss: 0.6401433944702148
Test loss: 0.6320359110832214
Epoch: 441
Train loss: 0.6401135325431824
Test loss: 0.632006049156189
Epoch: 442
Train loss: 0.6400837302207947
Test loss: 0.6319762468338013
Epoch: 443
Train loss: 0.6400538682937622
Test loss: 0.6319463849067688
Epoch: 444
Train loss: 0.6400240063667297
Test loss: 0.6319165229797363
Epoch: 445
Train loss: 0.6399941444396973
Test loss: 0.6318867206573486
Epoch: 446
Train loss: 0.6399643421173096
Test loss: 0.6318568587303162
Epoch: 447
Train loss: 0.6399345397949219
Test loss: 0.6318269968032837
Epoch: 448
Train loss: 0.6399046778678894
Test loss: 0.631797194480896
Epoch: 449
Train loss: 0.6398749351501465
Test loss: 0.6317673921585083
Epoch: 450
Train loss: 0.6398451328277588
Test loss: 0.6317375898361206
Epoch: 451
Train loss: 0.6398153305053711
Test loss: 0.6317078471183777
Epoch: 452
Train loss: 0.6397855281829834
Test loss: 0.63167804479599
Epoch: 453
Train loss: 0.6397557258605957
Test loss: 0.6316482424736023
Epoch: 454
Train loss: 0.639725923538208
Test loss: 0.6316184997558594
Epoch: 455
Train loss: 0.6396961212158203
Test loss: 0.6315886974334717
Epoch: 456
Train loss: 0.6396664381027222
Test loss: 0.631558895111084
Epoch: 457
Train loss: 0.6396366357803345
Test loss: 0.6315292119979858
Epoch: 458
Train loss: 0.6396068930625916
Test loss: 0.6314994692802429
Epoch: 459
Train loss: 0.6395771503448486
Test loss: 0.6314697265625
Epoch: 460
Train loss: 0.6395474076271057
Test loss: 0.6314399838447571
Epoch: 461
Train loss: 0.6395176649093628
Test loss: 0.6314102411270142
Epoch: 462
Train loss: 0.6394879221916199
Test loss: 0.6313804388046265
Epoch: 463
Train loss: 0.639458179473877
Test loss: 0.6313507556915283
Epoch: 464
Train loss: 0.6394284963607788
Test loss: 0.6313210129737854
Epoch: 465
Train loss: 0.6393987536430359
Test loss: 0.6312913298606873
Epoch: 466
Train loss: 0.6393690705299377
Test loss: 0.6312615871429443
Epoch: 467
Train loss: 0.6393393874168396
Test loss: 0.6312319040298462
Epoch: 468
Train loss: 0.6393096446990967
Test loss: 0.631202220916748
Epoch: 469
Train loss: 0.6392799615859985
Test loss: 0.6311725378036499
Epoch: 470
Train loss: 0.6392502784729004
Test loss: 0.6311428546905518
Epoch: 471
Train loss: 0.6392205953598022
Test loss: 0.6311131119728088
Epoch: 472
Train loss: 0.6391909122467041
Test loss: 0.6310834884643555
Epoch: 473
Train loss: 0.6391612887382507
Test loss: 0.6310538053512573
Epoch: 474
Train loss: 0.6391316056251526
Test loss: 0.631024181842804
Epoch: 475
Train loss: 0.6391019821166992
Test loss: 0.6309944987297058
Epoch: 476
Train loss: 0.6390722990036011
Test loss: 0.6309648752212524
Epoch: 477
Train loss: 0.6390426158905029
Test loss: 0.6309351921081543
Epoch: 478
Train loss: 0.6390129923820496
Test loss: 0.6309055089950562
Epoch: 479
Train loss: 0.6389833688735962
Test loss: 0.6308759450912476
Epoch: 480
Train loss: 0.6389537453651428
Test loss: 0.6308462619781494
Epoch: 481
Train loss: 0.6389241218566895
Test loss: 0.6308166980743408
Epoch: 482
Train loss: 0.6388945579528809
Test loss: 0.6307870745658875
Epoch: 483
Train loss: 0.6388649344444275
Test loss: 0.6307574510574341
Epoch: 484
Train loss: 0.6388353109359741
Test loss: 0.6307278871536255
Epoch: 485
Train loss: 0.6388057470321655
Test loss: 0.6306982636451721
Epoch: 486
Train loss: 0.6387761235237122
Test loss: 0.6306686401367188
Epoch: 487
Train loss: 0.6387465596199036
Test loss: 0.6306390762329102
Epoch: 488
Train loss: 0.638716995716095
Test loss: 0.6306095123291016
Epoch: 489
Train loss: 0.6386874318122864
Test loss: 0.630579948425293
Epoch: 490
Train loss: 0.6386578679084778
Test loss: 0.6305503845214844
Epoch: 491
Train loss: 0.6386283040046692
Test loss: 0.6305208206176758
Epoch: 492
Train loss: 0.6385986804962158
Test loss: 0.6304912567138672
Epoch: 493
Train loss: 0.638569176197052
Test loss: 0.6304616928100586
Epoch: 494
Train loss: 0.6385396122932434
Test loss: 0.6304321885108948
Epoch: 495
Train loss: 0.6385101079940796
Test loss: 0.6304026246070862
Epoch: 496
Train loss: 0.638480544090271
Test loss: 0.6303731203079224
Epoch: 497
Train loss: 0.6384510397911072
Test loss: 0.6303435564041138
Epoch: 498
Train loss: 0.6384215354919434
Test loss: 0.63031405210495
Epoch: 499
Train loss: 0.6383920311927795
Test loss: 0.6302845478057861
====================================================================================================
Trainer: BPTrainer (Adagrad_trainer)
Settings: {'method': 'AdagradOptimizer', 'args': {'learning_rate': 0.1}}
====================================================================================================
Epoch: init
Train loss: 76.24555969238281
Test loss: 89.11460876464844
Epoch: 0
Train loss: 0.6111255884170532
Test loss: 0.6443696618080139
Epoch: 1
Train loss: 0.4205777943134308
Test loss: 0.4876353144645691
Epoch: 2
Train loss: 0.38778769969940186
Test loss: 0.466798335313797
Epoch: 3
Train loss: 0.3792545199394226
Test loss: 0.462158203125
Epoch: 4
Train loss: 0.37483614683151245
Test loss: 0.4584695100784302
Epoch: 5
Train loss: 0.3712449073791504
Test loss: 0.454361230134964
Epoch: 6
Train loss: 0.3679254353046417
Test loss: 0.45004576444625854
Epoch: 7
Train loss: 0.3647759258747101
Test loss: 0.44573190808296204
Epoch: 8
Train loss: 0.36177149415016174
Test loss: 0.4415203034877777
Epoch: 9
Train loss: 0.35890108346939087
Test loss: 0.43744999170303345
Epoch: 10
Train loss: 0.35615628957748413
Test loss: 0.43353185057640076
Epoch: 11
Train loss: 0.35352981090545654
Test loss: 0.42976564168930054
Epoch: 12
Train loss: 0.35101473331451416
Test loss: 0.4261462986469269
Epoch: 13
Train loss: 0.34860485792160034
Test loss: 0.4226672053337097
Epoch: 14
Train loss: 0.34629446268081665
Test loss: 0.4193215072154999
Epoch: 15
Train loss: 0.3440779447555542
Test loss: 0.41610220074653625
Epoch: 16
Train loss: 0.34195029735565186
Test loss: 0.413003146648407
Epoch: 17
Train loss: 0.3399069309234619
Test loss: 0.41001808643341064
Epoch: 18
Train loss: 0.3379431962966919
Test loss: 0.4071412980556488
Epoch: 19
Train loss: 0.3360552191734314
Test loss: 0.40436744689941406
Epoch: 20
Train loss: 0.33423906564712524
Test loss: 0.40169134736061096
Epoch: 21
Train loss: 0.33249109983444214
Test loss: 0.3991084098815918
Epoch: 22
Train loss: 0.3308080732822418
Test loss: 0.3966141641139984
Epoch: 23
Train loss: 0.32918664813041687
Test loss: 0.39420443773269653
Epoch: 24
Train loss: 0.32762396335601807
Test loss: 0.391875296831131
Epoch: 25
Train loss: 0.3261171877384186
Test loss: 0.38962313532829285
Epoch: 26
Train loss: 0.3246636688709259
Test loss: 0.3874443471431732
Epoch: 27
Train loss: 0.32326099276542664
Test loss: 0.3853358030319214
Epoch: 28
Train loss: 0.32190680503845215
Test loss: 0.38329434394836426
Epoch: 29
Train loss: 0.32059887051582336
Test loss: 0.38131698966026306
Epoch: 30
Train loss: 0.31933513283729553
Test loss: 0.3794010579586029
Epoch: 31
Train loss: 0.31811365485191345
Test loss: 0.3775438964366913
Epoch: 32
Train loss: 0.31693267822265625
Test loss: 0.37574315071105957
Epoch: 33
Train loss: 0.3157902657985687
Test loss: 0.373996376991272
Epoch: 34
Train loss: 0.3146848678588867
Test loss: 0.3723014295101166
Epoch: 35
Train loss: 0.31361493468284607
Test loss: 0.3706561326980591
Epoch: 36
Train loss: 0.3125789761543274
Test loss: 0.36905863881111145
Epoch: 37
Train loss: 0.3115755617618561
Test loss: 0.36750689148902893
Epoch: 38
Train loss: 0.31060323119163513
Test loss: 0.36599916219711304
Epoch: 39
Train loss: 0.30966100096702576
Test loss: 0.36453381180763245
Epoch: 40
Train loss: 0.30874744057655334
Test loss: 0.36310914158821106
Epoch: 41
Train loss: 0.3078615069389343
Test loss: 0.3617236912250519
Epoch: 42
Train loss: 0.30700206756591797
Test loss: 0.36037594079971313
Epoch: 43
Train loss: 0.3061681389808655
Test loss: 0.35906437039375305
Epoch: 44
Train loss: 0.3053587079048157
Test loss: 0.35778796672821045
Epoch: 45
Train loss: 0.3045729100704193
Test loss: 0.3565451502799988
Epoch: 46
Train loss: 0.30380964279174805
Test loss: 0.3553348183631897
Epoch: 47
Train loss: 0.30306825041770935
Test loss: 0.3541558086872101
Epoch: 48
Train loss: 0.302347868680954
Test loss: 0.35300707817077637
Epoch: 49
Train loss: 0.30164772272109985
Test loss: 0.3518875241279602
Epoch: 50
Train loss: 0.3009670376777649
Test loss: 0.3507961332798004
Epoch: 51
Train loss: 0.30030518770217896
Test loss: 0.3497319519519806
Epoch: 52
Train loss: 0.29966142773628235
Test loss: 0.34869396686553955
Epoch: 53
Train loss: 0.2990351915359497
Test loss: 0.3476814329624176
Epoch: 54
Train loss: 0.2984257638454437
Test loss: 0.34669339656829834
Epoch: 55
Train loss: 0.2978326082229614
Test loss: 0.34572917222976685
Epoch: 56
Train loss: 0.29725512862205505
Test loss: 0.3447878956794739
Epoch: 57
Train loss: 0.2966928482055664
Test loss: 0.34386879205703735
Epoch: 58
Train loss: 0.2961452007293701
Test loss: 0.3429712653160095
Epoch: 59
Train loss: 0.29561173915863037
Test loss: 0.3420945107936859
Epoch: 60
Train loss: 0.2950919270515442
Test loss: 0.3412379026412964
Epoch: 61
Train loss: 0.29458534717559814
Test loss: 0.34040090441703796
Epoch: 62
Train loss: 0.29409152269363403
Test loss: 0.3395827114582062
Epoch: 63
Train loss: 0.2936100661754608
Test loss: 0.3387829065322876
Epoch: 64
Train loss: 0.29314056038856506
Test loss: 0.3380008339881897
Epoch: 65
Train loss: 0.2926827073097229
Test loss: 0.3372361361980438
Epoch: 66
Train loss: 0.29223597049713135
Test loss: 0.33648809790611267
Epoch: 67
Train loss: 0.2918001115322113
Test loss: 0.3357563018798828
Epoch: 68
Train loss: 0.29137474298477173
Test loss: 0.3350401818752289
Epoch: 69
Train loss: 0.29095959663391113
Test loss: 0.3343393802642822
Epoch: 70
Train loss: 0.2905542850494385
Test loss: 0.33365342020988464
Epoch: 71
Train loss: 0.29015854001045227
Test loss: 0.3329819142818451
Epoch: 72
Train loss: 0.28977203369140625
Test loss: 0.332324355840683
Epoch: 73
Train loss: 0.2893945276737213
Test loss: 0.3316805064678192
Epoch: 74
Train loss: 0.2890256941318512
Test loss: 0.33104977011680603
Epoch: 75
Train loss: 0.2886653542518616
Test loss: 0.33043190836906433
Epoch: 76
Train loss: 0.2883131504058838
Test loss: 0.3298265039920807
Epoch: 77
Train loss: 0.2879689633846283
Test loss: 0.3292332887649536
Epoch: 78
Train loss: 0.2876324951648712
Test loss: 0.32865187525749207
Epoch: 79
Train loss: 0.28730347752571106
Test loss: 0.3280819356441498
Epoch: 80
Train loss: 0.2869817912578583
Test loss: 0.32752326130867004
Epoch: 81
Train loss: 0.2866670489311218
Test loss: 0.32697537541389465
Epoch: 82
Train loss: 0.2863592505455017
Test loss: 0.32643815875053406
Epoch: 83
Train loss: 0.28605809807777405
Test loss: 0.32591119408607483
Epoch: 84
Train loss: 0.2857634127140045
Test loss: 0.32539430260658264
Epoch: 85
Train loss: 0.2854750454425812
Test loss: 0.32488715648651123
Epoch: 86
Train loss: 0.2851927876472473
Test loss: 0.3243895471096039
Epoch: 87
Train loss: 0.284916490316391
Test loss: 0.3239012658596039
Epoch: 88
Train loss: 0.2846459448337555
Test loss: 0.32342204451560974
Epoch: 89
Train loss: 0.2843810021877289
Test loss: 0.3229515850543976
Epoch: 90
Train loss: 0.2841215431690216
Test loss: 0.32248973846435547
Epoch: 91
Train loss: 0.2838674485683441
Test loss: 0.3220362663269043
Epoch: 92
Train loss: 0.2836184799671173
Test loss: 0.32159096002578735
Epoch: 93
Train loss: 0.2833745777606964
Test loss: 0.3211536407470703
Epoch: 94
Train loss: 0.2831355631351471
Test loss: 0.3207240700721741
Epoch: 95
Train loss: 0.2829012870788574
Test loss: 0.3203020691871643
Epoch: 96
Train loss: 0.2826717495918274
Test loss: 0.31988751888275146
Epoch: 97
Train loss: 0.28244662284851074
Test loss: 0.31948018074035645
Epoch: 98
Train loss: 0.28222599625587463
Test loss: 0.31907984614372253
Epoch: 99
Train loss: 0.28200963139533997
Test loss: 0.31868645548820496
Epoch: 100
Train loss: 0.2817974090576172
Test loss: 0.3182997703552246
Epoch: 101
Train loss: 0.2815892696380615
Test loss: 0.31791961193084717
Epoch: 102
Train loss: 0.2813851535320282
Test loss: 0.31754589080810547
Epoch: 103
Train loss: 0.2811848223209381
Test loss: 0.3171784281730652
Epoch: 104
Train loss: 0.2809883654117584
Test loss: 0.316817045211792
Epoch: 105
Train loss: 0.28079551458358765
Test loss: 0.3164616823196411
Epoch: 106
Train loss: 0.280606210231781
Test loss: 0.31611213088035583
Epoch: 107
Train loss: 0.2804204225540161
Test loss: 0.315768301486969
Epoch: 108
Train loss: 0.2802380621433258
Test loss: 0.31543004512786865
Epoch: 109
Train loss: 0.2800590395927429
Test loss: 0.31509724259376526
Epoch: 110
Train loss: 0.2798832356929779
Test loss: 0.3147697448730469
Epoch: 111
Train loss: 0.279710590839386
Test loss: 0.3144474923610687
Epoch: 112
Train loss: 0.2795410752296448
Test loss: 0.31413033604621887
Epoch: 113
Train loss: 0.27937448024749756
Test loss: 0.3138181269168854
Epoch: 114
Train loss: 0.2792109251022339
Test loss: 0.31351083517074585
Epoch: 115
Train loss: 0.27905014157295227
Test loss: 0.31320828199386597
Epoch: 116
Train loss: 0.2788921892642975
Test loss: 0.31291040778160095
Epoch: 117
Train loss: 0.27873697876930237
Test loss: 0.31261715292930603
Epoch: 118
Train loss: 0.27858445048332214
Test loss: 0.3123283088207245
Epoch: 119
Train loss: 0.27843451499938965
Test loss: 0.31204384565353394
Epoch: 120
Train loss: 0.27828705310821533
Test loss: 0.3117637038230896
Epoch: 121
Train loss: 0.27814218401908875
Test loss: 0.31148776412010193
Epoch: 122
Train loss: 0.2779996395111084
Test loss: 0.311215877532959
Epoch: 123
Train loss: 0.27785950899124146
Test loss: 0.3109480142593384
Epoch: 124
Train loss: 0.27772170305252075
Test loss: 0.3106841444969177
Epoch: 125
Train loss: 0.2775862216949463
Test loss: 0.31042414903640747
Epoch: 126
Train loss: 0.27745291590690613
Test loss: 0.31016790866851807
Epoch: 127
Train loss: 0.2773216962814331
Test loss: 0.30991536378860474
Epoch: 128
Train loss: 0.277192622423172
Test loss: 0.30966639518737793
Epoch: 129
Train loss: 0.277065634727478
Test loss: 0.30942103266716003
Epoch: 130
Train loss: 0.2769406735897064
Test loss: 0.3091791570186615
Epoch: 131
Train loss: 0.27681764960289
Test loss: 0.30894067883491516
Epoch: 132
Train loss: 0.2766965627670288
Test loss: 0.30870556831359863
Epoch: 133
Train loss: 0.2765773832798004
Test loss: 0.30847370624542236
Epoch: 134
Train loss: 0.27646002173423767
Test loss: 0.30824506282806396
Epoch: 135
Train loss: 0.2763444483280182
Test loss: 0.30801957845687866
Epoch: 136
Train loss: 0.27623072266578674
Test loss: 0.3077971935272217
Epoch: 137
Train loss: 0.2761186361312866
Test loss: 0.30757787823677063
Epoch: 138
Train loss: 0.276008278131485
Test loss: 0.3073614835739136
Epoch: 139
Train loss: 0.27589958906173706
Test loss: 0.3071480393409729
Epoch: 140
Train loss: 0.2757924795150757
Test loss: 0.30693739652633667
Epoch: 141
Train loss: 0.27568697929382324
Test loss: 0.30672967433929443
Epoch: 142
Train loss: 0.2755829989910126
Test loss: 0.3065246343612671
Epoch: 143
Train loss: 0.27548056840896606
Test loss: 0.3063223361968994
Epoch: 144
Train loss: 0.27537962794303894
Test loss: 0.30612269043922424
Epoch: 145
Train loss: 0.27528005838394165
Test loss: 0.305925577878952
Epoch: 146
Train loss: 0.27518197894096375
Test loss: 0.3057311177253723
Epoch: 147
Train loss: 0.27508530020713806
Test loss: 0.3055391013622284
Epoch: 148
Train loss: 0.27498993277549744
Test loss: 0.30534955859184265
Epoch: 149
Train loss: 0.27489593625068665
Test loss: 0.3051624000072479
Epoch: 150
Train loss: 0.2748032212257385
Test loss: 0.3049776554107666
Epoch: 151
Train loss: 0.27471181750297546
Test loss: 0.3047952950000763
Epoch: 152
Train loss: 0.2746216654777527
Test loss: 0.3046150803565979
Epoch: 153
Train loss: 0.2745327353477478
Test loss: 0.30443722009658813
Epoch: 154
Train loss: 0.27444496750831604
Test loss: 0.30426156520843506
Epoch: 155
Train loss: 0.27435845136642456
Test loss: 0.3040880560874939
Epoch: 156
Train loss: 0.2742730379104614
Test loss: 0.30391669273376465
Epoch: 157
Train loss: 0.27418872714042664
Test loss: 0.30374735593795776
Epoch: 158
Train loss: 0.27410557866096497
Test loss: 0.3035801947116852
Epoch: 159
Train loss: 0.27402350306510925
Test loss: 0.303414911031723
Epoch: 160
Train loss: 0.2739425003528595
Test loss: 0.303251713514328
Epoch: 161
Train loss: 0.27386248111724854
Test loss: 0.3030904233455658
Epoch: 162
Train loss: 0.2737835645675659
Test loss: 0.3029310703277588
Epoch: 163
Train loss: 0.2737056016921997
Test loss: 0.3027736246585846
Epoch: 164
Train loss: 0.2736286520957947
Test loss: 0.30261799693107605
Epoch: 165
Train loss: 0.27355262637138367
Test loss: 0.30246415734291077
Epoch: 166
Train loss: 0.27347758412361145
Test loss: 0.3023121953010559
Epoch: 167
Train loss: 0.2734034061431885
Test loss: 0.30216190218925476
Epoch: 168
Train loss: 0.2733302116394043
Test loss: 0.3020133674144745
Epoch: 169
Train loss: 0.273257851600647
Test loss: 0.3018665611743927
Epoch: 170
Train loss: 0.27318644523620605
Test loss: 0.301721453666687
Epoch: 171
Train loss: 0.2731158137321472
Test loss: 0.30157792568206787
Epoch: 172
Train loss: 0.27304607629776
Test loss: 0.30143603682518005
Epoch: 173
Train loss: 0.2729770839214325
Test loss: 0.30129575729370117
Epoch: 174
Train loss: 0.2729089856147766
Test loss: 0.30115702748298645
Epoch: 175
Train loss: 0.2728416621685028
Test loss: 0.3010198473930359
Epoch: 176
Train loss: 0.2727750837802887
Test loss: 0.3008841574192047
Epoch: 177
Train loss: 0.2727092504501343
Test loss: 0.3007499873638153
Epoch: 178
Train loss: 0.2726442217826843
Test loss: 0.3006172478199005
Epoch: 179
Train loss: 0.2725798785686493
Test loss: 0.3004859983921051
Epoch: 180
Train loss: 0.27251631021499634
Test loss: 0.3003561496734619
Epoch: 181
Train loss: 0.2724533975124359
Test loss: 0.30022767186164856
Epoch: 182
Train loss: 0.2723911702632904
Test loss: 0.30010056495666504
Epoch: 183
Train loss: 0.2723296880722046
Test loss: 0.29997485876083374
Epoch: 184
Train loss: 0.2722688317298889
Test loss: 0.2998504638671875
Epoch: 185
Train loss: 0.27220866084098816
Test loss: 0.2997273802757263
Epoch: 186
Train loss: 0.27214908599853516
Test loss: 0.2996055483818054
Epoch: 187
Train loss: 0.2720901668071747
Test loss: 0.2994850277900696
Epoch: 188
Train loss: 0.27203190326690674
Test loss: 0.2993657886981964
Epoch: 189
Train loss: 0.27197426557540894
Test loss: 0.299247682094574
Epoch: 190
Train loss: 0.2719171643257141
Test loss: 0.2991308867931366
Epoch: 191
Train loss: 0.27186068892478943
Test loss: 0.29901522397994995
Epoch: 192
Train loss: 0.2718047797679901
Test loss: 0.2989007532596588
Epoch: 193
Train loss: 0.2717493772506714
Test loss: 0.2987874746322632
Epoch: 194
Train loss: 0.2716946303844452
Test loss: 0.2986752986907959
Epoch: 195
Train loss: 0.2716403901576996
Test loss: 0.29856425523757935
Epoch: 196
Train loss: 0.27158665657043457
Test loss: 0.2984543442726135
Epoch: 197
Train loss: 0.2715334892272949
Test loss: 0.2983454763889313
Epoch: 198
Train loss: 0.27148085832595825
Test loss: 0.29823774099349976
Epoch: 199
Train loss: 0.2714287042617798
Test loss: 0.2981310188770294
Epoch: 200
Train loss: 0.27137699723243713
Test loss: 0.29802533984184265
Epoch: 201
Train loss: 0.27132585644721985
Test loss: 0.29792070388793945
Epoch: 202
Train loss: 0.27127519249916077
Test loss: 0.29781705141067505
Epoch: 203
Train loss: 0.2712250053882599
Test loss: 0.29771438241004944
Epoch: 204
Train loss: 0.27117523550987244
Test loss: 0.297612726688385
Epoch: 205
Train loss: 0.2711259722709656
Test loss: 0.2975120544433594
Epoch: 206
Train loss: 0.27107715606689453
Test loss: 0.29741236567497253
Epoch: 207
Train loss: 0.2710288166999817
Test loss: 0.2973135709762573
Epoch: 208
Train loss: 0.2709808647632599
Test loss: 0.29721570014953613
Epoch: 209
Train loss: 0.2709333002567291
Test loss: 0.29711875319480896
Epoch: 210
Train loss: 0.27088624238967896
Test loss: 0.2970227003097534
Epoch: 211
Train loss: 0.27083954215049744
Test loss: 0.2969275414943695
Epoch: 212
Train loss: 0.27079328894615173
Test loss: 0.29683324694633484
Epoch: 213
Train loss: 0.2707473933696747
Test loss: 0.296739786863327
Epoch: 214
Train loss: 0.27070191502571106
Test loss: 0.29664725065231323
Epoch: 215
Train loss: 0.2706568241119385
Test loss: 0.2965554893016815
Epoch: 216
Train loss: 0.27061209082603455
Test loss: 0.29646462202072144
Epoch: 217
Train loss: 0.27056774497032166
Test loss: 0.29637452960014343
Epoch: 218
Train loss: 0.2705238163471222
Test loss: 0.2962852418422699
Epoch: 219
Train loss: 0.2704801559448242
Test loss: 0.2961967885494232
Epoch: 220
Train loss: 0.2704369127750397
Test loss: 0.29610905051231384
Epoch: 221
Train loss: 0.270393967628479
Test loss: 0.29602211713790894
Epoch: 222
Train loss: 0.27035143971443176
Test loss: 0.2959359288215637
Epoch: 223
Train loss: 0.2703092098236084
Test loss: 0.2958505153656006
Epoch: 224
Train loss: 0.2702673375606537
Test loss: 0.29576584696769714
Epoch: 225
Train loss: 0.27022576332092285
Test loss: 0.2956818640232086
Epoch: 226
Train loss: 0.27018454670906067
Test loss: 0.2955986559391022
Epoch: 227
Train loss: 0.27014362812042236
Test loss: 0.29551613330841064
Epoch: 228
Train loss: 0.27010297775268555
Test loss: 0.2954343259334564
Epoch: 229
Train loss: 0.270062655210495
Test loss: 0.29535314440727234
Epoch: 230
Train loss: 0.2700226604938507
Test loss: 0.2952727675437927
Epoch: 231
Train loss: 0.2699829638004303
Test loss: 0.29519298672676086
Epoch: 232
Train loss: 0.2699435353279114
Test loss: 0.2951138913631439
Epoch: 233
Train loss: 0.26990437507629395
Test loss: 0.2950354218482971
Epoch: 234
Train loss: 0.2698655426502228
Test loss: 0.29495760798454285
Epoch: 235
Train loss: 0.2698269784450531
Test loss: 0.2948804795742035
Epoch: 236
Train loss: 0.2697886824607849
Test loss: 0.2948039174079895
Epoch: 237
Train loss: 0.2697506546974182
Test loss: 0.29472804069519043
Epoch: 238
Train loss: 0.269712895154953
Test loss: 0.2946527600288391
Epoch: 239
Train loss: 0.2696754038333893
Test loss: 0.29457804560661316
Epoch: 240
Train loss: 0.2696381211280823
Test loss: 0.29450398683547974
Epoch: 241
Train loss: 0.26960116624832153
Test loss: 0.29443055391311646
Epoch: 242
Train loss: 0.2695644497871399
Test loss: 0.2943575978279114
Epoch: 243
Train loss: 0.26952797174453735
Test loss: 0.29428526759147644
Epoch: 244
Train loss: 0.26949167251586914
Test loss: 0.29421353340148926
Epoch: 245
Train loss: 0.2694556713104248
Test loss: 0.29414230585098267
Epoch: 246
Train loss: 0.26941990852355957
Test loss: 0.29407164454460144
Epoch: 247
Train loss: 0.26938438415527344
Test loss: 0.29400157928466797
Epoch: 248
Train loss: 0.269349068403244
Test loss: 0.2939320206642151
Epoch: 249
Train loss: 0.2693139612674713
Test loss: 0.2938629984855652
Epoch: 250
Train loss: 0.2692790925502777
Test loss: 0.29379454255104065
Epoch: 251
Train loss: 0.2692444324493408
Test loss: 0.2937265932559967
Epoch: 252
Train loss: 0.26921001076698303
Test loss: 0.29365915060043335
Epoch: 253
Train loss: 0.26917579770088196
Test loss: 0.2935921847820282
Epoch: 254
Train loss: 0.2691417634487152
Test loss: 0.2935257852077484
Epoch: 255
Train loss: 0.2691079378128052
Test loss: 0.29345980286598206
Epoch: 256
Train loss: 0.26907435059547424
Test loss: 0.2933943569660187
Epoch: 257
Train loss: 0.26904091238975525
Test loss: 0.2933294475078583
Epoch: 258
Train loss: 0.26900768280029297
Test loss: 0.29326489567756653
Epoch: 259
Train loss: 0.2689746618270874
Test loss: 0.29320091009140015
Epoch: 260
Train loss: 0.26894184947013855
Test loss: 0.29313740134239197
Epoch: 261
Train loss: 0.268909215927124
Test loss: 0.29307425022125244
Epoch: 262
Train loss: 0.26887673139572144
Test loss: 0.2930116355419159
Epoch: 263
Train loss: 0.26884445548057556
Test loss: 0.29294946789741516
Epoch: 264
Train loss: 0.268812358379364
Test loss: 0.29288774728775024
Epoch: 265
Train loss: 0.2687804400920868
Test loss: 0.29282641410827637
Epoch: 266
Train loss: 0.2687487006187439
Test loss: 0.2927655875682831
Epoch: 267
Train loss: 0.26871708035469055
Test loss: 0.2927051782608032
Epoch: 268
Train loss: 0.2686856985092163
Test loss: 0.2926451861858368
Epoch: 269
Train loss: 0.2686544358730316
Test loss: 0.2925856113433838
Epoch: 270
Train loss: 0.26862338185310364
Test loss: 0.2925264239311218
Epoch: 271
Train loss: 0.2685924768447876
Test loss: 0.2924676537513733
Epoch: 272
Train loss: 0.2685617506504059
Test loss: 0.29240933060646057
Epoch: 273
Train loss: 0.26853111386299133
Test loss: 0.2923513650894165
Epoch: 274
Train loss: 0.2685006856918335
Test loss: 0.29229381680488586
Epoch: 275
Train loss: 0.2684704065322876
Test loss: 0.2922366261482239
Epoch: 276
Train loss: 0.26844024658203125
Test loss: 0.2921799123287201
Epoch: 277
Train loss: 0.2684102952480316
Test loss: 0.2921234965324402
Epoch: 278
Train loss: 0.26838046312332153
Test loss: 0.2920674979686737
Epoch: 279
Train loss: 0.268350750207901
Test loss: 0.29201188683509827
Epoch: 280
Train loss: 0.2683212161064148
Test loss: 0.2919566035270691
Epoch: 281
Train loss: 0.26829180121421814
Test loss: 0.29190167784690857
Epoch: 282
Train loss: 0.2682625651359558
Test loss: 0.2918471395969391
Epoch: 283
Train loss: 0.26823341846466064
Test loss: 0.29179298877716064
Epoch: 284
Train loss: 0.2682044208049774
Test loss: 0.2917391359806061
Epoch: 285
Train loss: 0.26817557215690613
Test loss: 0.29168564081192017
Epoch: 286
Train loss: 0.2681468725204468
Test loss: 0.29163259267807007
Epoch: 287
Train loss: 0.2681182622909546
Test loss: 0.29157981276512146
Epoch: 288
Train loss: 0.26808977127075195
Test loss: 0.29152733087539673
Epoch: 289
Train loss: 0.26806148886680603
Test loss: 0.29147517681121826
Epoch: 290
Train loss: 0.2680332660675049
Test loss: 0.2914234399795532
Epoch: 291
Train loss: 0.2680051922798157
Test loss: 0.29137200117111206
Epoch: 292
Train loss: 0.26797720789909363
Test loss: 0.2913208603858948
Epoch: 293
Train loss: 0.2679493725299835
Test loss: 0.29127004742622375
Epoch: 294
Train loss: 0.26792165637016296
Test loss: 0.2912195324897766
Epoch: 295
Train loss: 0.26789408922195435
Test loss: 0.2911694049835205
Epoch: 296
Train loss: 0.2678665518760681
Test loss: 0.2911195158958435
Epoch: 297
Train loss: 0.2678391635417938
Test loss: 0.2910699248313904
Epoch: 298
Train loss: 0.26781192421913147
Test loss: 0.2910206913948059
Epoch: 299
Train loss: 0.2677847743034363
Test loss: 0.2909717559814453
Epoch: 300
Train loss: 0.26775771379470825
Test loss: 0.2909231185913086
Epoch: 301
Train loss: 0.26773080229759216
Test loss: 0.290874719619751
Epoch: 302
Train loss: 0.26770398020744324
Test loss: 0.290826678276062
Epoch: 303
Train loss: 0.26767727732658386
Test loss: 0.29077890515327454
Epoch: 304
Train loss: 0.26765066385269165
Test loss: 0.29073140025138855
Epoch: 305
Train loss: 0.2676241397857666
Test loss: 0.29068416357040405
Epoch: 306
Train loss: 0.2675977051258087
Test loss: 0.29063722491264343
Epoch: 307
Train loss: 0.26757141947746277
Test loss: 0.2905905842781067
Epoch: 308
Train loss: 0.267545223236084
Test loss: 0.29054421186447144
Epoch: 309
Train loss: 0.26751914620399475
Test loss: 0.29049810767173767
Epoch: 310
Train loss: 0.2674930989742279
Test loss: 0.2904522716999054
Epoch: 311
Train loss: 0.267467200756073
Test loss: 0.29040661454200745
Epoch: 312
Train loss: 0.26744142174720764
Test loss: 0.29036134481430054
Epoch: 313
Train loss: 0.2674156725406647
Test loss: 0.29031631350517273
Epoch: 314
Train loss: 0.26739004254341125
Test loss: 0.29027149081230164
Epoch: 315
Train loss: 0.2673645615577698
Test loss: 0.2902269959449768
Epoch: 316
Train loss: 0.2673390507698059
Test loss: 0.2901826500892639
Epoch: 317
Train loss: 0.26731371879577637
Test loss: 0.2901386320590973
Epoch: 318
Train loss: 0.2672884464263916
Test loss: 0.2900948226451874
Epoch: 319
Train loss: 0.2672632932662964
Test loss: 0.29005131125450134
Epoch: 320
Train loss: 0.26723819971084595
Test loss: 0.29000797867774963
Epoch: 321
Train loss: 0.2672131657600403
Test loss: 0.289964884519577
Epoch: 322
Train loss: 0.26718825101852417
Test loss: 0.2899220585823059
Epoch: 323
Train loss: 0.2671634256839752
Test loss: 0.2898794710636139
Epoch: 324
Train loss: 0.2671387195587158
Test loss: 0.28983718156814575
Epoch: 325
Train loss: 0.2671140134334564
Test loss: 0.2897949814796448
Epoch: 326
Train loss: 0.26708945631980896
Test loss: 0.28975310921669006
Epoch: 327
Train loss: 0.2670648992061615
Test loss: 0.2897113859653473
Epoch: 328
Train loss: 0.2670404613018036
Test loss: 0.2896699905395508
Epoch: 329
Train loss: 0.26701614260673523
Test loss: 0.2896287143230438
Epoch: 330
Train loss: 0.26699188351631165
Test loss: 0.28958776593208313
Epoch: 331
Train loss: 0.26696768403053284
Test loss: 0.2895469665527344
Epoch: 332
Train loss: 0.2669435739517212
Test loss: 0.28950634598731995
Epoch: 333
Train loss: 0.26691949367523193
Test loss: 0.2894660234451294
Epoch: 334
Train loss: 0.2668955326080322
Test loss: 0.2894258499145508
Epoch: 335
Train loss: 0.2668716311454773
Test loss: 0.28938591480255127
Epoch: 336
Train loss: 0.2668478488922119
Test loss: 0.28934621810913086
Epoch: 337
Train loss: 0.2668240964412689
Test loss: 0.2893066704273224
Epoch: 338
Train loss: 0.2668004035949707
Test loss: 0.289267361164093
Epoch: 339
Train loss: 0.26677680015563965
Test loss: 0.28922826051712036
Epoch: 340
Train loss: 0.26675328612327576
Test loss: 0.28918930888175964
Epoch: 341
Train loss: 0.26672980189323425
Test loss: 0.289150595664978
Epoch: 342
Train loss: 0.2667064070701599
Test loss: 0.2891120910644531
Epoch: 343
Train loss: 0.26668304204940796
Test loss: 0.2890737056732178
Epoch: 344
Train loss: 0.26665979623794556
Test loss: 0.2890355587005615
Epoch: 345
Train loss: 0.26663658022880554
Test loss: 0.288997620344162
Epoch: 346
Train loss: 0.2666134834289551
Test loss: 0.28895989060401917
Epoch: 347
Train loss: 0.266590416431427
Test loss: 0.28892233967781067
Epoch: 348
Train loss: 0.2665673792362213
Test loss: 0.28888487815856934
Epoch: 349
Train loss: 0.2665444612503052
Test loss: 0.2888476550579071
Epoch: 350
Train loss: 0.2665216028690338
Test loss: 0.288810670375824
Epoch: 351
Train loss: 0.26649874448776245
Test loss: 0.2887738347053528
Epoch: 352
Train loss: 0.26647600531578064
Test loss: 0.2887371778488159
Epoch: 353
Train loss: 0.2664533257484436
Test loss: 0.2887006998062134
Epoch: 354
Train loss: 0.26643064618110657
Test loss: 0.28866440057754517
Epoch: 355
Train loss: 0.26640811562538147
Test loss: 0.2886282503604889
Epoch: 356
Train loss: 0.26638561487197876
Test loss: 0.28859224915504456
Epoch: 357
Train loss: 0.2663631737232208
Test loss: 0.2885564863681793
Epoch: 358
Train loss: 0.26634079217910767
Test loss: 0.288520872592926
Epoch: 359
Train loss: 0.2663183808326721
Test loss: 0.28848543763160706
Epoch: 360
Train loss: 0.2662961483001709
Test loss: 0.2884501516819
Epoch: 361
Train loss: 0.2662739157676697
Test loss: 0.28841501474380493
Epoch: 362
Train loss: 0.26625174283981323
Test loss: 0.2883800268173218
Epoch: 363
Train loss: 0.26622965931892395
Test loss: 0.28834524750709534
Epoch: 364
Train loss: 0.26620757579803467
Test loss: 0.28831061720848083
Epoch: 365
Train loss: 0.26618561148643494
Test loss: 0.2882761061191559
Epoch: 366
Train loss: 0.2661636769771576
Test loss: 0.28824180364608765
Epoch: 367
Train loss: 0.266141802072525
Test loss: 0.28820767998695374
Epoch: 368
Train loss: 0.26611998677253723
Test loss: 0.2881736755371094
Epoch: 369
Train loss: 0.26609814167022705
Test loss: 0.28813982009887695
Epoch: 370
Train loss: 0.2660764455795288
Test loss: 0.28810614347457886
Epoch: 371
Train loss: 0.26605474948883057
Test loss: 0.2880725562572479
Epoch: 372
Train loss: 0.2660331130027771
Test loss: 0.2880391478538513
Epoch: 373
Train loss: 0.2660115659236908
Test loss: 0.2880059778690338
Epoch: 374
Train loss: 0.2659900486469269
Test loss: 0.2879728078842163
Epoch: 375
Train loss: 0.26596856117248535
Test loss: 0.2879399061203003
Epoch: 376
Train loss: 0.2659471333026886
Test loss: 0.28790712356567383
Epoch: 377
Train loss: 0.265925794839859
Test loss: 0.2878744602203369
Epoch: 378
Train loss: 0.26590442657470703
Test loss: 0.28784191608428955
Epoch: 379
Train loss: 0.2658831477165222
Test loss: 0.2878095209598541
Epoch: 380
Train loss: 0.2658618986606598
Test loss: 0.28777727484703064
Epoch: 381
Train loss: 0.2658407688140869
Test loss: 0.2877452075481415
Epoch: 382
Train loss: 0.26581960916519165
Test loss: 0.2877132296562195
Epoch: 383
Train loss: 0.26579856872558594
Test loss: 0.2876814305782318
Epoch: 384
Train loss: 0.26577749848365784
Test loss: 0.2876497209072113
Epoch: 385
Train loss: 0.2657565176486969
Test loss: 0.28761816024780273
Epoch: 386
Train loss: 0.26573559641838074
Test loss: 0.2875867486000061
Epoch: 387
Train loss: 0.2657146453857422
Test loss: 0.287555456161499
Epoch: 388
Train loss: 0.2656938135623932
Test loss: 0.2875242829322815
Epoch: 389
Train loss: 0.2656730115413666
Test loss: 0.2874932587146759
Epoch: 390
Train loss: 0.26565226912498474
Test loss: 0.28746238350868225
Epoch: 391
Train loss: 0.2656315565109253
Test loss: 0.28743162751197815
Epoch: 392
Train loss: 0.26561087369918823
Test loss: 0.2874009907245636
Epoch: 393
Train loss: 0.26559025049209595
Test loss: 0.2873704731464386
Epoch: 394
Train loss: 0.26556965708732605
Test loss: 0.28734007477760315
Epoch: 395
Train loss: 0.2655491232872009
Test loss: 0.28730982542037964
Epoch: 396
Train loss: 0.2655285894870758
Test loss: 0.2872796952724457
Epoch: 397
Train loss: 0.26550817489624023
Test loss: 0.28724968433380127
Epoch: 398
Train loss: 0.2654877305030823
Test loss: 0.28721973299980164
Epoch: 399
Train loss: 0.2654673457145691
Test loss: 0.28718996047973633
Epoch: 400
Train loss: 0.2654470205307007
Test loss: 0.28716033697128296
Epoch: 401
Train loss: 0.26542675495147705
Test loss: 0.28713077306747437
Epoch: 402
Train loss: 0.26540645956993103
Test loss: 0.2871013581752777
Epoch: 403
Train loss: 0.26538628339767456
Test loss: 0.287072092294693
Epoch: 404
Train loss: 0.2653661072254181
Test loss: 0.28704291582107544
Epoch: 405
Train loss: 0.2653459906578064
Test loss: 0.28701382875442505
Epoch: 406
Train loss: 0.2653258740901947
Test loss: 0.2869848906993866
Epoch: 407
Train loss: 0.26530584692955017
Test loss: 0.2869560122489929
Epoch: 408
Train loss: 0.26528581976890564
Test loss: 0.28692731261253357
Epoch: 409
Train loss: 0.2652658522129059
Test loss: 0.286898672580719
Epoch: 410
Train loss: 0.2652459442615509
Test loss: 0.28687015175819397
Epoch: 411
Train loss: 0.2652260363101959
Test loss: 0.2868417501449585
Epoch: 412
Train loss: 0.2652061879634857
Test loss: 0.2868134379386902
Epoch: 413
Train loss: 0.2651863992214203
Test loss: 0.2867853045463562
Epoch: 414
Train loss: 0.26516658067703247
Test loss: 0.2867571711540222
Epoch: 415
Train loss: 0.2651468813419342
Test loss: 0.28672921657562256
Epoch: 416
Train loss: 0.26512712240219116
Test loss: 0.28670135140419006
Epoch: 417
Train loss: 0.26510751247406006
Test loss: 0.2866736352443695
Epoch: 418
Train loss: 0.26508787274360657
Test loss: 0.28664594888687134
Epoch: 419
Train loss: 0.26506826281547546
Test loss: 0.2866183817386627
Epoch: 420
Train loss: 0.26504868268966675
Test loss: 0.28659093379974365
Epoch: 421
Train loss: 0.2650292217731476
Test loss: 0.28656360507011414
Epoch: 422
Train loss: 0.26500970125198364
Test loss: 0.2865363657474518
Epoch: 423
Train loss: 0.26499029994010925
Test loss: 0.286509245634079
Epoch: 424
Train loss: 0.2649708688259125
Test loss: 0.28648218512535095
Epoch: 425
Train loss: 0.2649514675140381
Test loss: 0.2864552140235901
Epoch: 426
Train loss: 0.26493215560913086
Test loss: 0.28642839193344116
Epoch: 427
Train loss: 0.26491284370422363
Test loss: 0.286401629447937
Epoch: 428
Train loss: 0.2648935914039612
Test loss: 0.2863749861717224
Epoch: 429
Train loss: 0.26487433910369873
Test loss: 0.286348432302475
Epoch: 430
Train loss: 0.26485514640808105
Test loss: 0.2863219678401947
Epoch: 431
Train loss: 0.2648359537124634
Test loss: 0.2862955927848816
Epoch: 432
Train loss: 0.26481685042381287
Test loss: 0.28626933693885803
Epoch: 433
Train loss: 0.26479774713516235
Test loss: 0.28624311089515686
Epoch: 434
Train loss: 0.26477867364883423
Test loss: 0.2862170338630676
Epoch: 435
Train loss: 0.2647596001625061
Test loss: 0.28619104623794556
Epoch: 436
Train loss: 0.2647406756877899
Test loss: 0.28616514801979065
Epoch: 437
Train loss: 0.26472169160842896
Test loss: 0.2861393094062805
Epoch: 438
Train loss: 0.26470276713371277
Test loss: 0.2861136198043823
Epoch: 439
Train loss: 0.26468387246131897
Test loss: 0.2860879898071289
Epoch: 440
Train loss: 0.26466503739356995
Test loss: 0.28606247901916504
Epoch: 441
Train loss: 0.26464617252349854
Test loss: 0.28603696823120117
Epoch: 442
Train loss: 0.2646273672580719
Test loss: 0.28601160645484924
Epoch: 443
Train loss: 0.26460862159729004
Test loss: 0.2859863042831421
Epoch: 444
Train loss: 0.2645898759365082
Test loss: 0.2859611511230469
Epoch: 445
Train loss: 0.2645711898803711
Test loss: 0.28593602776527405
Epoch: 446
Train loss: 0.264552503824234
Test loss: 0.2859109938144684
Epoch: 447
Train loss: 0.2645338773727417
Test loss: 0.2858860492706299
Epoch: 448
Train loss: 0.264515221118927
Test loss: 0.28586122393608093
Epoch: 449
Train loss: 0.26449671387672424
Test loss: 0.285836398601532
Epoch: 450
Train loss: 0.2644781172275543
Test loss: 0.28581175208091736
Epoch: 451
Train loss: 0.26445960998535156
Test loss: 0.2857871353626251
Epoch: 452
Train loss: 0.2644411325454712
Test loss: 0.28576257824897766
Epoch: 453
Train loss: 0.2644227147102356
Test loss: 0.28573817014694214
Epoch: 454
Train loss: 0.2644042670726776
Test loss: 0.2857138216495514
Epoch: 455
Train loss: 0.2643858790397644
Test loss: 0.2856895327568054
Epoch: 456
Train loss: 0.2643675208091736
Test loss: 0.2856653034687042
Epoch: 457
Train loss: 0.26434919238090515
Test loss: 0.2856411933898926
Epoch: 458
Train loss: 0.2643308937549591
Test loss: 0.2856171429157257
Epoch: 459
Train loss: 0.26431262493133545
Test loss: 0.2855932116508484
Epoch: 460
Train loss: 0.2642943859100342
Test loss: 0.28556931018829346
Epoch: 461
Train loss: 0.2642762064933777
Test loss: 0.2855454981327057
Epoch: 462
Train loss: 0.2642580270767212
Test loss: 0.2855217754840851
Epoch: 463
Train loss: 0.2642398774623871
Test loss: 0.28549808263778687
Epoch: 464
Train loss: 0.264221727848053
Test loss: 0.2854745090007782
Epoch: 465
Train loss: 0.26420363783836365
Test loss: 0.2854510247707367
Epoch: 466
Train loss: 0.2641855776309967
Test loss: 0.28542760014533997
Epoch: 467
Train loss: 0.26416754722595215
Test loss: 0.2854042053222656
Epoch: 468
Train loss: 0.26414954662323
Test loss: 0.28538089990615845
Epoch: 469
Train loss: 0.2641315758228302
Test loss: 0.28535768389701843
Epoch: 470
Train loss: 0.2641136050224304
Test loss: 0.2853345572948456
Epoch: 471
Train loss: 0.264095664024353
Test loss: 0.2853114902973175
Epoch: 472
Train loss: 0.2640778422355652
Test loss: 0.2852885127067566
Epoch: 473
Train loss: 0.2640599310398102
Test loss: 0.2852655351161957
Epoch: 474
Train loss: 0.2640421390533447
Test loss: 0.2852427363395691
Epoch: 475
Train loss: 0.2640243470668793
Test loss: 0.2852199077606201
Epoch: 476
Train loss: 0.2640065550804138
Test loss: 0.2851971983909607
Epoch: 477
Train loss: 0.26398879289627075
Test loss: 0.28517457842826843
Epoch: 478
Train loss: 0.26397109031677246
Test loss: 0.28515198826789856
Epoch: 479
Train loss: 0.26395338773727417
Test loss: 0.28512948751449585
Epoch: 480
Train loss: 0.26393574476242065
Test loss: 0.2851070761680603
Epoch: 481
Train loss: 0.26391810178756714
Test loss: 0.28508469462394714
Epoch: 482
Train loss: 0.263900488615036
Test loss: 0.28506237268447876
Epoch: 483
Train loss: 0.26388290524482727
Test loss: 0.28504014015197754
Epoch: 484
Train loss: 0.26386532187461853
Test loss: 0.2850179672241211
Epoch: 485
Train loss: 0.26384779810905457
Test loss: 0.2849958539009094
Epoch: 486
Train loss: 0.263830304145813
Test loss: 0.28497380018234253
Epoch: 487
Train loss: 0.2638128399848938
Test loss: 0.2849518358707428
Epoch: 488
Train loss: 0.263795405626297
Test loss: 0.2849299907684326
Epoch: 489
Train loss: 0.2637779712677002
Test loss: 0.28490808606147766
Epoch: 490
Train loss: 0.26376059651374817
Test loss: 0.28488633036613464
Epoch: 491
Train loss: 0.26374322175979614
Test loss: 0.284864604473114
Epoch: 492
Train loss: 0.2637258470058441
Test loss: 0.28484293818473816
Epoch: 493
Train loss: 0.26370853185653687
Test loss: 0.28482136130332947
Epoch: 494
Train loss: 0.2636912763118744
Test loss: 0.28479984402656555
Epoch: 495
Train loss: 0.2636739909648895
Test loss: 0.284778356552124
Epoch: 496
Train loss: 0.26365676522254944
Test loss: 0.28475698828697205
Epoch: 497
Train loss: 0.26363953948020935
Test loss: 0.2847355902194977
Epoch: 498
Train loss: 0.26362234354019165
Test loss: 0.28471434116363525
Epoch: 499
Train loss: 0.2636052370071411
Test loss: 0.2846930921077728
====================================================================================================
Trainer: BPTrainer (Adam_trainer)
Settings: {'method': 'AdamOptimizer', 'args': {'learning_rate': 0.005}}
====================================================================================================
Epoch: init
Train loss: 76.24555969238281
Test loss: 89.11460876464844
Epoch: 0
Train loss: 58.344974517822266
Test loss: 68.31175231933594
Epoch: 1
Train loss: 44.74446487426758
Test loss: 52.48972702026367
Epoch: 2
Train loss: 34.507015228271484
Test loss: 40.5676383972168
Epoch: 3
Train loss: 26.82599449157715
Test loss: 31.612756729125977
Epoch: 4
Train loss: 21.054109573364258
Test loss: 24.87596321105957
Epoch: 5
Train loss: 16.695707321166992
Test loss: 19.783010482788086
Epoch: 6
Train loss: 13.382044792175293
Test loss: 15.906180381774902
Epoch: 7
Train loss: 10.842714309692383
Test loss: 12.93144416809082
Epoch: 8
Train loss: 8.88032341003418
Test loss: 10.629358291625977
Epoch: 9
Train loss: 7.350700378417969
Test loss: 8.832228660583496
Epoch: 10
Train loss: 6.148179054260254
Test loss: 7.4170660972595215
Epoch: 11
Train loss: 5.194887638092041
Test loss: 6.293179988861084
Epoch: 12
Train loss: 4.433049201965332
Test loss: 5.393237113952637
Epoch: 13
Train loss: 3.819472312927246
Test loss: 4.666869640350342
Epoch: 14
Train loss: 3.321603536605835
Test loss: 4.076088905334473
Epoch: 15
Train loss: 2.914703369140625
Test loss: 3.592007637023926
Epoch: 16
Train loss: 2.5798089504241943
Test loss: 3.192472219467163
Epoch: 17
Train loss: 2.3022778034210205
Test loss: 2.8603620529174805
Epoch: 18
Train loss: 2.070712089538574
Test loss: 2.582348585128784
Epoch: 19
Train loss: 1.8761886358261108
Test loss: 2.347989320755005
Epoch: 20
Train loss: 1.7116822004318237
Test loss: 2.1490566730499268
Epoch: 21
Train loss: 1.571636438369751
Test loss: 1.9790414571762085
Epoch: 22
Train loss: 1.4516412019729614
Test loss: 1.8327703475952148
Epoch: 23
Train loss: 1.348184585571289
Test loss: 1.7061219215393066
Epoch: 24
Train loss: 1.25846266746521
Test loss: 1.5957999229431152
Epoch: 25
Train loss: 1.180227518081665
Test loss: 1.4991596937179565
Epoch: 26
Train loss: 1.1116710901260376
Test loss: 1.4140714406967163
Epoch: 27
Train loss: 1.0513309240341187
Test loss: 1.3388100862503052
Epoch: 28
Train loss: 0.9980153441429138
Test loss: 1.2719709873199463
Epoch: 29
Train loss: 0.9507466554641724
Test loss: 1.2124011516571045
Epoch: 30
Train loss: 0.9087138175964355
Test loss: 1.159145474433899
Epoch: 31
Train loss: 0.8712365031242371
Test loss: 1.1114048957824707
Epoch: 32
Train loss: 0.8377379775047302
Test loss: 1.068503737449646
Epoch: 33
Train loss: 0.8077226281166077
Test loss: 1.0298640727996826
Epoch: 34
Train loss: 0.7807613611221313
Test loss: 0.9949867725372314
Epoch: 35
Train loss: 0.7564787268638611
Test loss: 0.9634369611740112
Epoch: 36
Train loss: 0.7345443367958069
Test loss: 0.9348326325416565
Epoch: 37
Train loss: 0.7146674990653992
Test loss: 0.9088375568389893
Epoch: 38
Train loss: 0.6965916752815247
Test loss: 0.8851546049118042
Epoch: 39
Train loss: 0.6800919771194458
Test loss: 0.8635215163230896
Epoch: 40
Train loss: 0.6649719476699829
Test loss: 0.8437072038650513
Epoch: 41
Train loss: 0.6510618925094604
Test loss: 0.8255088329315186
Epoch: 42
Train loss: 0.6382154226303101
Test loss: 0.8087488412857056
Epoch: 43
Train loss: 0.6263086795806885
Test loss: 0.7932726144790649
Epoch: 44
Train loss: 0.6152364611625671
Test loss: 0.778945803642273
Epoch: 45
Train loss: 0.6049107313156128
Test loss: 0.7656511068344116
Epoch: 46
Train loss: 0.5952566862106323
Test loss: 0.7532860040664673
Epoch: 47
Train loss: 0.586212158203125
Test loss: 0.741760790348053
Epoch: 48
Train loss: 0.5777235627174377
Test loss: 0.730995774269104
Epoch: 49
Train loss: 0.569744348526001
Test loss: 0.7209192514419556
Epoch: 50
Train loss: 0.562233567237854
Test loss: 0.7114662528038025
Epoch: 51
Train loss: 0.5551537871360779
Test loss: 0.7025768160820007
Epoch: 52
Train loss: 0.5484707951545715
Test loss: 0.6941956281661987
Epoch: 53
Train loss: 0.5421515703201294
Test loss: 0.6862709522247314
Epoch: 54
Train loss: 0.5361658930778503
Test loss: 0.678754985332489
Epoch: 55
Train loss: 0.5304844975471497
Test loss: 0.6716027855873108
Epoch: 56
Train loss: 0.5250799059867859
Test loss: 0.6647736430168152
Epoch: 57
Train loss: 0.5199265480041504
Test loss: 0.6582304239273071
Epoch: 58
Train loss: 0.5150007009506226
Test loss: 0.6519400477409363
Epoch: 59
Train loss: 0.5102810859680176
Test loss: 0.645873486995697
Epoch: 60
Train loss: 0.5057485103607178
Test loss: 0.6400060653686523
Epoch: 61
Train loss: 0.5013865232467651
Test loss: 0.6343173384666443
Epoch: 62
Train loss: 0.4971805214881897
Test loss: 0.6287904381752014
Epoch: 63
Train loss: 0.4931184947490692
Test loss: 0.6234123110771179
Epoch: 64
Train loss: 0.48919016122817993
Test loss: 0.6181729435920715
Epoch: 65
Train loss: 0.4853866994380951
Test loss: 0.6130649447441101
Epoch: 66
Train loss: 0.4817006289958954
Test loss: 0.6080829501152039
Epoch: 67
Train loss: 0.4781254827976227
Test loss: 0.6032233834266663
Epoch: 68
Train loss: 0.474655419588089
Test loss: 0.5984833240509033
Epoch: 69
Train loss: 0.4712848961353302
Test loss: 0.5938608050346375
Epoch: 70
Train loss: 0.46800896525382996
Test loss: 0.5893540382385254
Epoch: 71
Train loss: 0.4648224711418152
Test loss: 0.5849613547325134
Epoch: 72
Train loss: 0.46172043681144714
Test loss: 0.5806808471679688
Epoch: 73
Train loss: 0.4586982727050781
Test loss: 0.5765100121498108
Epoch: 74
Train loss: 0.45575109124183655
Test loss: 0.5724465847015381
Epoch: 75
Train loss: 0.45287466049194336
Test loss: 0.5684875249862671
Epoch: 76
Train loss: 0.45006468892097473
Test loss: 0.5646296739578247
Epoch: 77
Train loss: 0.44731730222702026
Test loss: 0.5608693361282349
Epoch: 78
Train loss: 0.4446292519569397
Test loss: 0.5572031140327454
Epoch: 79
Train loss: 0.44199734926223755
Test loss: 0.5536267161369324
Epoch: 80
Train loss: 0.4394189119338989
Test loss: 0.5501363277435303
Epoch: 81
Train loss: 0.43689167499542236
Test loss: 0.5467278361320496
Epoch: 82
Train loss: 0.43441373109817505
Test loss: 0.5433968901634216
Epoch: 83
Train loss: 0.4319833815097809
Test loss: 0.5401392579078674
Epoch: 84
Train loss: 0.42959898710250854
Test loss: 0.5369510054588318
Epoch: 85
Train loss: 0.42725902795791626
Test loss: 0.5338274240493774
Epoch: 86
Train loss: 0.4249625504016876
Test loss: 0.5307645797729492
Epoch: 87
Train loss: 0.4227079749107361
Test loss: 0.5277585387229919
Epoch: 88
Train loss: 0.42049431800842285
Test loss: 0.5248051881790161
Epoch: 89
Train loss: 0.4183202385902405
Test loss: 0.5219009518623352
Epoch: 90
Train loss: 0.4161844551563263
Test loss: 0.5190423130989075
Epoch: 91
Train loss: 0.41408589482307434
Test loss: 0.5162264108657837
Epoch: 92
Train loss: 0.4120233952999115
Test loss: 0.5134504437446594
Epoch: 93
Train loss: 0.40999582409858704
Test loss: 0.5107119083404541
Epoch: 94
Train loss: 0.40800216794013977
Test loss: 0.5080092549324036
Epoch: 95
Train loss: 0.40604153275489807
Test loss: 0.5053406953811646
Epoch: 96
Train loss: 0.40411269664764404
Test loss: 0.5027053952217102
Epoch: 97
Train loss: 0.4022153615951538
Test loss: 0.5001024603843689
Epoch: 98
Train loss: 0.400348424911499
Test loss: 0.49753156304359436
Epoch: 99
Train loss: 0.3985114097595215
Test loss: 0.49499282240867615
Epoch: 100
Train loss: 0.3967033922672272
Test loss: 0.4924861788749695
Epoch: 101
Train loss: 0.3949242830276489
Test loss: 0.49001187086105347
Epoch: 102
Train loss: 0.3931730389595032
Test loss: 0.48757028579711914
Epoch: 103
Train loss: 0.39144930243492126
Test loss: 0.48516198992729187
Epoch: 104
Train loss: 0.3897526264190674
Test loss: 0.4827873110771179
Epoch: 105
Train loss: 0.38808244466781616
Test loss: 0.48044663667678833
Epoch: 106
Train loss: 0.38643819093704224
Test loss: 0.47814038395881653
Epoch: 107
Train loss: 0.3848193883895874
Test loss: 0.4758686125278473
Epoch: 108
Train loss: 0.3832255005836487
Test loss: 0.4736313819885254
Epoch: 109
Train loss: 0.38165608048439026
Test loss: 0.4714285731315613
Epoch: 110
Train loss: 0.380110502243042
Test loss: 0.4692600667476654
Epoch: 111
Train loss: 0.37858858704566956
Test loss: 0.4671255052089691
Epoch: 112
Train loss: 0.37708964943885803
Test loss: 0.46502429246902466
Epoch: 113
Train loss: 0.37561333179473877
Test loss: 0.4629557430744171
Epoch: 114
Train loss: 0.37415921688079834
Test loss: 0.4609193205833435
Epoch: 115
Train loss: 0.3727269768714905
Test loss: 0.4589141309261322
Epoch: 116
Train loss: 0.37131616473197937
Test loss: 0.4569391906261444
Epoch: 117
Train loss: 0.3699265122413635
Test loss: 0.45499387383461
Epoch: 118
Train loss: 0.3685576319694519
Test loss: 0.45307692885398865
Epoch: 119
Train loss: 0.3672090172767639
Test loss: 0.45118752121925354
Epoch: 120
Train loss: 0.3658805787563324
Test loss: 0.44932472705841064
Epoch: 121
Train loss: 0.3645718991756439
Test loss: 0.44748762249946594
Epoch: 122
Train loss: 0.3632825016975403
Test loss: 0.4456752836704254
Epoch: 123
Train loss: 0.3620123267173767
Test loss: 0.44388702511787415
Epoch: 124
Train loss: 0.36076077818870544
Test loss: 0.44212210178375244
Epoch: 125
Train loss: 0.3595277667045593
Test loss: 0.4403797388076782
Epoch: 126
Train loss: 0.35831281542778015
Test loss: 0.4386594891548157
Epoch: 127
Train loss: 0.3571157455444336
Test loss: 0.43696093559265137
Epoch: 128
Train loss: 0.35593611001968384
Test loss: 0.43528351187705994
Epoch: 129
Train loss: 0.3547738492488861
Test loss: 0.4336271584033966
Epoch: 130
Train loss: 0.3536285161972046
Test loss: 0.4319912791252136
Epoch: 131
Train loss: 0.35249975323677063
Test loss: 0.4303760826587677
Epoch: 132
Train loss: 0.35138750076293945
Test loss: 0.4287811517715454
Epoch: 133
Train loss: 0.3502914011478424
Test loss: 0.42720651626586914
Epoch: 134
Train loss: 0.3492112159729004
Test loss: 0.42565199732780457
Epoch: 135
Train loss: 0.3481466472148895
Test loss: 0.4241175055503845
Epoch: 136
Train loss: 0.3470974862575531
Test loss: 0.42260321974754333
Epoch: 137
Train loss: 0.34606340527534485
Test loss: 0.42110878229141235
Epoch: 138
Train loss: 0.3450443744659424
Test loss: 0.41963422298431396
Epoch: 139
Train loss: 0.34403982758522034
Test loss: 0.41817936301231384
Epoch: 140
Train loss: 0.3430497944355011
Test loss: 0.4167441129684448
Epoch: 141
Train loss: 0.3420740067958832
Test loss: 0.4153282046318054
Epoch: 142
Train loss: 0.3411121666431427
Test loss: 0.4139314889907837
Epoch: 143
Train loss: 0.34016403555870056
Test loss: 0.41255369782447815
Epoch: 144
Train loss: 0.33922940492630005
Test loss: 0.41119450330734253
Epoch: 145
Train loss: 0.3383081555366516
Test loss: 0.4098537266254425
Epoch: 146
Train loss: 0.33740007877349854
Test loss: 0.40853098034858704
Epoch: 147
Train loss: 0.3365047872066498
Test loss: 0.4072258472442627
Epoch: 148
Train loss: 0.3356221318244934
Test loss: 0.4059380292892456
Epoch: 149
Train loss: 0.3347521126270294
Test loss: 0.4046672582626343
Epoch: 150
Train loss: 0.3338943421840668
Test loss: 0.40341290831565857
Epoch: 151
Train loss: 0.33304861187934875
Test loss: 0.4021748900413513
Epoch: 152
Train loss: 0.332214891910553
Test loss: 0.4009527564048767
Epoch: 153
Train loss: 0.33139288425445557
Test loss: 0.3997461199760437
Epoch: 154
Train loss: 0.3305823504924774
Test loss: 0.3985546827316284
Epoch: 155
Train loss: 0.32978326082229614
Test loss: 0.39737823605537415
Epoch: 156
Train loss: 0.32899534702301025
Test loss: 0.39621639251708984
Epoch: 157
Train loss: 0.3282184302806854
Test loss: 0.3950689435005188
Epoch: 158
Train loss: 0.32745233178138733
Test loss: 0.39393559098243713
Epoch: 159
Train loss: 0.3266969621181488
Test loss: 0.39281612634658813
Epoch: 160
Train loss: 0.32595202326774597
Test loss: 0.3917105197906494
Epoch: 161
Train loss: 0.3252173662185669
Test loss: 0.39061832427978516
Epoch: 162
Train loss: 0.32449302077293396
Test loss: 0.38953959941864014
Epoch: 163
Train loss: 0.3237786591053009
Test loss: 0.3884740173816681
Epoch: 164
Train loss: 0.3230741620063782
Test loss: 0.38742169737815857
Epoch: 165
Train loss: 0.32237938046455383
Test loss: 0.38638216257095337
Epoch: 166
Train loss: 0.32169413566589355
Test loss: 0.38535550236701965
Epoch: 167
Train loss: 0.3210183084011078
Test loss: 0.3843415081501007
Epoch: 168
Train loss: 0.32035180926322937
Test loss: 0.38334009051322937
Epoch: 169
Train loss: 0.3196943700313568
Test loss: 0.3823510706424713
Epoch: 170
Train loss: 0.3190459907054901
Test loss: 0.38137441873550415
Epoch: 171
Train loss: 0.31840643286705017
Test loss: 0.38040971755981445
Epoch: 172
Train loss: 0.31777554750442505
Test loss: 0.3794570565223694
Epoch: 173
Train loss: 0.31715336441993713
Test loss: 0.37851616740226746
Epoch: 174
Train loss: 0.3165395259857178
Test loss: 0.3775869309902191
Epoch: 175
Train loss: 0.31593403220176697
Test loss: 0.3766691982746124
Epoch: 176
Train loss: 0.31533676385879517
Test loss: 0.3757627010345459
Epoch: 177
Train loss: 0.31474757194519043
Test loss: 0.3748672604560852
Epoch: 178
Train loss: 0.31416624784469604
Test loss: 0.37398284673690796
Epoch: 179
Train loss: 0.313592791557312
Test loss: 0.3731091320514679
Epoch: 180
Train loss: 0.3130269944667816
Test loss: 0.3722459673881531
Epoch: 181
Train loss: 0.312468945980072
Test loss: 0.37139323353767395
Epoch: 182
Train loss: 0.3119182884693146
Test loss: 0.37055063247680664
Epoch: 183
Train loss: 0.3113749921321869
Test loss: 0.36971816420555115
Epoch: 184
Train loss: 0.3108389675617218
Test loss: 0.36889562010765076
Epoch: 185
Train loss: 0.3103100061416626
Test loss: 0.368082731962204
Epoch: 186
Train loss: 0.30978813767433167
Test loss: 0.36727938055992126
Epoch: 187
Train loss: 0.30927321314811707
Test loss: 0.3664856255054474
Epoch: 188
Train loss: 0.30876514315605164
Test loss: 0.3657010793685913
Epoch: 189
Train loss: 0.30826377868652344
Test loss: 0.36492565274238586
Epoch: 190
Train loss: 0.3077690601348877
Test loss: 0.3641592860221863
Epoch: 191
Train loss: 0.3072808086872101
Test loss: 0.3634018898010254
Epoch: 192
Train loss: 0.3067989647388458
Test loss: 0.36265328526496887
Epoch: 193
Train loss: 0.3063235282897949
Test loss: 0.36191341280937195
Epoch: 194
Train loss: 0.30585429072380066
Test loss: 0.3611820340156555
Epoch: 195
Train loss: 0.3053913116455078
Test loss: 0.36045923829078674
Epoch: 196
Train loss: 0.3049342930316925
Test loss: 0.3597448170185089
Epoch: 197
Train loss: 0.30448323488235474
Test loss: 0.35903868079185486
Epoch: 198
Train loss: 0.30403807759284973
Test loss: 0.35834065079689026
Epoch: 199
Train loss: 0.30359870195388794
Test loss: 0.35765060782432556
Epoch: 200
Train loss: 0.3031649887561798
Test loss: 0.35696864128112793
Epoch: 201
Train loss: 0.30273696780204773
Test loss: 0.35629457235336304
Epoch: 202
Train loss: 0.302314430475235
Test loss: 0.35562822222709656
Epoch: 203
Train loss: 0.30189740657806396
Test loss: 0.35496947169303894
Epoch: 204
Train loss: 0.30148574709892273
Test loss: 0.3543183207511902
Epoch: 205
Train loss: 0.3010794520378113
Test loss: 0.35367462038993835
Epoch: 206
Train loss: 0.30067819356918335
Test loss: 0.3530381917953491
Epoch: 207
Train loss: 0.30028223991394043
Test loss: 0.3524089753627777
Epoch: 208
Train loss: 0.2998913824558258
Test loss: 0.3517870008945465
Epoch: 209
Train loss: 0.29950541257858276
Test loss: 0.35117194056510925
Epoch: 210
Train loss: 0.2991243898868561
Test loss: 0.3505638539791107
Epoch: 211
Train loss: 0.298748254776001
Test loss: 0.34996262192726135
Epoch: 212
Train loss: 0.2983769476413727
Test loss: 0.3493681252002716
Epoch: 213
Train loss: 0.29801031947135925
Test loss: 0.34878021478652954
Epoch: 214
Train loss: 0.2976483404636383
Test loss: 0.3481988310813904
Epoch: 215
Train loss: 0.2972909212112427
Test loss: 0.34762388467788696
Epoch: 216
Train loss: 0.29693803191185
Test loss: 0.34705525636672974
Epoch: 217
Train loss: 0.29658961296081543
Test loss: 0.3464930057525635
Epoch: 218
Train loss: 0.2962455451488495
Test loss: 0.3459368646144867
Epoch: 219
Train loss: 0.29590582847595215
Test loss: 0.34538689255714417
Epoch: 220
Train loss: 0.29557037353515625
Test loss: 0.34484297037124634
Epoch: 221
Train loss: 0.29523909091949463
Test loss: 0.3443049192428589
Epoch: 222
Train loss: 0.2949119806289673
Test loss: 0.343772828578949
Epoch: 223
Train loss: 0.29458895325660706
Test loss: 0.3432464599609375
Epoch: 224
Train loss: 0.294269859790802
Test loss: 0.342725932598114
Epoch: 225
Train loss: 0.29395487904548645
Test loss: 0.342210978269577
Epoch: 226
Train loss: 0.2936438024044037
Test loss: 0.34170159697532654
Epoch: 227
Train loss: 0.2933364808559418
Test loss: 0.3411978483200073
Epoch: 228
Train loss: 0.29303303360939026
Test loss: 0.3406994044780731
Epoch: 229
Train loss: 0.29273325204849243
Test loss: 0.34020644426345825
Epoch: 230
Train loss: 0.29243728518486023
Test loss: 0.3397187292575836
Epoch: 231
Train loss: 0.29214492440223694
Test loss: 0.339236319065094
Epoch: 232
Train loss: 0.2918560802936554
Test loss: 0.33875903487205505
Epoch: 233
Train loss: 0.29157087206840515
Test loss: 0.3382868766784668
Epoch: 234
Train loss: 0.29128918051719666
Test loss: 0.33781975507736206
Epoch: 235
Train loss: 0.2910107970237732
Test loss: 0.33735761046409607
Epoch: 236
Train loss: 0.2907359004020691
Test loss: 0.33690038323402405
Epoch: 237
Train loss: 0.2904643714427948
Test loss: 0.3364480137825012
Epoch: 238
Train loss: 0.29019615054130554
Test loss: 0.33600038290023804
Epoch: 239
Train loss: 0.28993117809295654
Test loss: 0.3355575203895569
Epoch: 240
Train loss: 0.28966936469078064
Test loss: 0.33511924743652344
Epoch: 241
Train loss: 0.2894107401371002
Test loss: 0.3346855640411377
Epoch: 242
Train loss: 0.2891552746295929
Test loss: 0.3342565596103668
Epoch: 243
Train loss: 0.2889028787612915
Test loss: 0.33383187651634216
Epoch: 244
Train loss: 0.2886534631252289
Test loss: 0.33341169357299805
Epoch: 245
Train loss: 0.2884071171283722
Test loss: 0.33299580216407776
Epoch: 246
Train loss: 0.2881637215614319
Test loss: 0.33258429169654846
Epoch: 247
Train loss: 0.2879231870174408
Test loss: 0.3321770131587982
Epoch: 248
Train loss: 0.2876855731010437
Test loss: 0.33177393674850464
Epoch: 249
Train loss: 0.28745076060295105
Test loss: 0.3313750922679901
Epoch: 250
Train loss: 0.28721877932548523
Test loss: 0.3309802711009979
Epoch: 251
Train loss: 0.2869895100593567
Test loss: 0.3305894434452057
Epoch: 252
Train loss: 0.2867630422115326
Test loss: 0.33020269870758057
Epoch: 253
Train loss: 0.2865392565727234
Test loss: 0.329819917678833
Epoch: 254
Train loss: 0.28631800413131714
Test loss: 0.3294410705566406
Epoch: 255
Train loss: 0.2860994338989258
Test loss: 0.3290660083293915
Epoch: 256
Train loss: 0.28588345646858215
Test loss: 0.32869473099708557
Epoch: 257
Train loss: 0.2856700122356415
Test loss: 0.3283272385597229
Epoch: 258
Train loss: 0.28545907139778137
Test loss: 0.32796353101730347
Epoch: 259
Train loss: 0.28525060415267944
Test loss: 0.32760339975357056
Epoch: 260
Train loss: 0.28504452109336853
Test loss: 0.32724690437316895
Epoch: 261
Train loss: 0.2848409414291382
Test loss: 0.3268941044807434
Epoch: 262
Train loss: 0.2846396863460541
Test loss: 0.32654473185539246
Epoch: 263
Train loss: 0.2844407856464386
Test loss: 0.32619884610176086
Epoch: 264
Train loss: 0.284244179725647
Test loss: 0.3258565366268158
Epoch: 265
Train loss: 0.2840498983860016
Test loss: 0.32551753520965576
Epoch: 266
Train loss: 0.2838577926158905
Test loss: 0.32518184185028076
Epoch: 267
Train loss: 0.28366801142692566
Test loss: 0.3248496651649475
Epoch: 268
Train loss: 0.28348034620285034
Test loss: 0.3245205879211426
Epoch: 269
Train loss: 0.28329482674598694
Test loss: 0.3241948187351227
Epoch: 270
Train loss: 0.28311148285865784
Test loss: 0.32387226819992065
Epoch: 271
Train loss: 0.2829301953315735
Test loss: 0.32355284690856934
Epoch: 272
Train loss: 0.28275102376937866
Test loss: 0.3232366144657135
Epoch: 273
Train loss: 0.2825739085674286
Test loss: 0.322923481464386
Epoch: 274
Train loss: 0.2823987603187561
Test loss: 0.322613388299942
Epoch: 275
Train loss: 0.28222566843032837
Test loss: 0.3223062753677368
Epoch: 276
Train loss: 0.2820545434951782
Test loss: 0.3220021724700928
Epoch: 277
Train loss: 0.2818852961063385
Test loss: 0.3217010200023651
Epoch: 278
Train loss: 0.28171804547309875
Test loss: 0.32140278816223145
Epoch: 279
Train loss: 0.28155267238616943
Test loss: 0.3211074471473694
Epoch: 280
Train loss: 0.28138914704322815
Test loss: 0.3208148777484894
Epoch: 281
Train loss: 0.2812274396419525
Test loss: 0.320525199174881
Epoch: 282
Train loss: 0.2810675799846649
Test loss: 0.32023829221725464
Epoch: 283
Train loss: 0.2809094786643982
Test loss: 0.3199540674686432
Epoch: 284
Train loss: 0.2807531952857971
Test loss: 0.3196725845336914
Epoch: 285
Train loss: 0.28059864044189453
Test loss: 0.3193938136100769
Epoch: 286
Train loss: 0.28044581413269043
Test loss: 0.3191177248954773
Epoch: 287
Train loss: 0.2802946865558624
Test loss: 0.3188442289829254
Epoch: 288
Train loss: 0.28014522790908813
Test loss: 0.3185732662677765
Epoch: 289
Train loss: 0.27999746799468994
Test loss: 0.31830495595932007
Epoch: 290
Train loss: 0.2798512578010559
Test loss: 0.3180391192436218
Epoch: 291
Train loss: 0.27970677614212036
Test loss: 0.31777575612068176
Epoch: 292
Train loss: 0.2795637845993042
Test loss: 0.31751492619514465
Epoch: 293
Train loss: 0.27942243218421936
Test loss: 0.31725648045539856
Epoch: 294
Train loss: 0.2792826294898987
Test loss: 0.31700044870376587
Epoch: 295
Train loss: 0.2791443467140198
Test loss: 0.31674692034721375
Epoch: 296
Train loss: 0.27900761365890503
Test loss: 0.3164956569671631
Epoch: 297
Train loss: 0.2788723409175873
Test loss: 0.31624671816825867
Epoch: 298
Train loss: 0.2787385582923889
Test loss: 0.3160001039505005
Epoch: 299
Train loss: 0.2786061763763428
Test loss: 0.31575578451156616
Epoch: 300
Train loss: 0.27847525477409363
Test loss: 0.3155137002468109
Epoch: 301
Train loss: 0.27834582328796387
Test loss: 0.31527388095855713
Epoch: 302
Train loss: 0.27821770310401917
Test loss: 0.31503620743751526
Epoch: 303
Train loss: 0.27809104323387146
Test loss: 0.3148007392883301
Epoch: 304
Train loss: 0.2779656946659088
Test loss: 0.3145674467086792
Epoch: 305
Train loss: 0.277841717004776
Test loss: 0.3143361806869507
Epoch: 306
Train loss: 0.27771902084350586
Test loss: 0.31410712003707886
Epoch: 307
Train loss: 0.27759769558906555
Test loss: 0.31388014554977417
Epoch: 308
Train loss: 0.2774776518344879
Test loss: 0.31365519762039185
Epoch: 309
Train loss: 0.27735891938209534
Test loss: 0.3134322762489319
Epoch: 310
Train loss: 0.2772413492202759
Test loss: 0.3132113814353943
Epoch: 311
Train loss: 0.27712512016296387
Test loss: 0.3129924535751343
Epoch: 312
Train loss: 0.27701011300086975
Test loss: 0.31277555227279663
Epoch: 313
Train loss: 0.27689623832702637
Test loss: 0.3125605285167694
Epoch: 314
Train loss: 0.27678367495536804
Test loss: 0.3123474419116974
Epoch: 315
Train loss: 0.27667224407196045
Test loss: 0.31213629245758057
Epoch: 316
Train loss: 0.276561975479126
Test loss: 0.3119269907474518
Epoch: 317
Train loss: 0.2764528691768646
Test loss: 0.31171953678131104
Epoch: 318
Train loss: 0.2763449549674988
Test loss: 0.3115139901638031
Epoch: 319
Train loss: 0.2762380838394165
Test loss: 0.31131020188331604
Epoch: 320
Train loss: 0.2761324346065521
Test loss: 0.311108261346817
Epoch: 321
Train loss: 0.27602773904800415
Test loss: 0.3109080195426941
Epoch: 322
Train loss: 0.2759242653846741
Test loss: 0.3107096254825592
Epoch: 323
Train loss: 0.27582183480262756
Test loss: 0.3105129301548004
Epoch: 324
Train loss: 0.27572038769721985
Test loss: 0.3103179335594177
Epoch: 325
Train loss: 0.2756200134754181
Test loss: 0.3101247251033783
Epoch: 326
Train loss: 0.2755207121372223
Test loss: 0.3099330961704254
Epoch: 327
Train loss: 0.2754223644733429
Test loss: 0.309743195772171
Epoch: 328
Train loss: 0.27532508969306946
Test loss: 0.30955490469932556
Epoch: 329
Train loss: 0.2752287685871124
Test loss: 0.3093683421611786
Epoch: 330
Train loss: 0.2751334309577942
Test loss: 0.3091832399368286
Epoch: 331
Train loss: 0.27503907680511475
Test loss: 0.30899983644485474
Epoch: 332
Train loss: 0.27494561672210693
Test loss: 0.30881795287132263
Epoch: 333
Train loss: 0.2748531699180603
Test loss: 0.3086376488208771
Epoch: 334
Train loss: 0.2747616469860077
Test loss: 0.3084588646888733
Epoch: 335
Train loss: 0.2746710181236267
Test loss: 0.30828168988227844
Epoch: 336
Train loss: 0.27458134293556213
Test loss: 0.308106005191803
Epoch: 337
Train loss: 0.2744925320148468
Test loss: 0.3079317808151245
Epoch: 338
Train loss: 0.2744046151638031
Test loss: 0.30775901675224304
Epoch: 339
Train loss: 0.27431756258010864
Test loss: 0.30758777260780334
Epoch: 340
Train loss: 0.2742313742637634
Test loss: 0.30741792917251587
Epoch: 341
Train loss: 0.27414605021476746
Test loss: 0.307249516248703
Epoch: 342
Train loss: 0.2740616202354431
Test loss: 0.30708253383636475
Epoch: 343
Train loss: 0.27397796511650085
Test loss: 0.3069169521331787
Epoch: 344
Train loss: 0.27389511466026306
Test loss: 0.3067527711391449
Epoch: 345
Train loss: 0.2738131284713745
Test loss: 0.3065899610519409
Epoch: 346
Train loss: 0.27373185753822327
Test loss: 0.3064284920692444
Epoch: 347
Train loss: 0.27365148067474365
Test loss: 0.3062683939933777
Epoch: 348
Train loss: 0.2735718786716461
Test loss: 0.30610960721969604
Epoch: 349
Train loss: 0.2734929919242859
Test loss: 0.30595213174819946
Epoch: 350
Train loss: 0.2734149396419525
Test loss: 0.30579593777656555
Epoch: 351
Train loss: 0.27333757281303406
Test loss: 0.3056410551071167
Epoch: 352
Train loss: 0.2732609510421753
Test loss: 0.30548742413520813
Epoch: 353
Train loss: 0.2731851041316986
Test loss: 0.30533507466316223
Epoch: 354
Train loss: 0.27310997247695923
Test loss: 0.3051839768886566
Epoch: 355
Train loss: 0.27303555607795715
Test loss: 0.3050341308116913
Epoch: 356
Train loss: 0.27296182513237
Test loss: 0.30488547682762146
Epoch: 357
Train loss: 0.2728888690471649
Test loss: 0.30473798513412476
Epoch: 358
Train loss: 0.27281653881073
Test loss: 0.3045918047428131
Epoch: 359
Train loss: 0.27274492383003235
Test loss: 0.3044467568397522
Epoch: 360
Train loss: 0.27267393469810486
Test loss: 0.3043028712272644
Epoch: 361
Train loss: 0.2726036608219147
Test loss: 0.30416011810302734
Epoch: 362
Train loss: 0.27253401279449463
Test loss: 0.3040185272693634
Epoch: 363
Train loss: 0.2724649906158447
Test loss: 0.3038780689239502
Epoch: 364
Train loss: 0.27239668369293213
Test loss: 0.3037388026714325
Epoch: 365
Train loss: 0.2723290026187897
Test loss: 0.30360057950019836
Epoch: 366
Train loss: 0.2722618579864502
Test loss: 0.3034634292125702
Epoch: 367
Train loss: 0.272195428609848
Test loss: 0.3033275008201599
Epoch: 368
Train loss: 0.2721295952796936
Test loss: 0.30319246649742126
Epoch: 369
Train loss: 0.27206435799598694
Test loss: 0.3030586540699005
Epoch: 370
Train loss: 0.271999716758728
Test loss: 0.30292582511901855
Epoch: 371
Train loss: 0.2719356417655945
Test loss: 0.30279403924942017
Epoch: 372
Train loss: 0.2718721628189087
Test loss: 0.3026633560657501
Epoch: 373
Train loss: 0.27180930972099304
Test loss: 0.3025336265563965
Epoch: 374
Train loss: 0.2717469334602356
Test loss: 0.3024049401283264
Epoch: 375
Train loss: 0.2716851532459259
Test loss: 0.30227726697921753
Epoch: 376
Train loss: 0.27162396907806396
Test loss: 0.30215057730674744
Epoch: 377
Train loss: 0.2715632915496826
Test loss: 0.30202487111091614
Epoch: 378
Train loss: 0.27150315046310425
Test loss: 0.301900178194046
Epoch: 379
Train loss: 0.27144357562065125
Test loss: 0.30177637934684753
Epoch: 380
Train loss: 0.27138447761535645
Test loss: 0.30165359377861023
Epoch: 381
Train loss: 0.2713259756565094
Test loss: 0.30153173208236694
Epoch: 382
Train loss: 0.27126798033714294
Test loss: 0.3014107644557953
Epoch: 383
Train loss: 0.2712104320526123
Test loss: 0.3012908101081848
Epoch: 384
Train loss: 0.27115345001220703
Test loss: 0.3011717200279236
Epoch: 385
Train loss: 0.2710968852043152
Test loss: 0.30105355381965637
Epoch: 386
Train loss: 0.2710408568382263
Test loss: 0.3009362518787384
Epoch: 387
Train loss: 0.27098533511161804
Test loss: 0.30081984400749207
Epoch: 388
Train loss: 0.2709302306175232
Test loss: 0.30070436000823975
Epoch: 389
Train loss: 0.2708756625652313
Test loss: 0.3005897104740143
Epoch: 390
Train loss: 0.27082154154777527
Test loss: 0.30047595500946045
Epoch: 391
Train loss: 0.2707678973674774
Test loss: 0.30036303400993347
Epoch: 392
Train loss: 0.270714670419693
Test loss: 0.3002510070800781
Epoch: 393
Train loss: 0.2706619203090668
Test loss: 0.30013975501060486
Epoch: 394
Train loss: 0.270609587430954
Test loss: 0.30002930760383606
Epoch: 395
Train loss: 0.2705577611923218
Test loss: 0.2999197840690613
Epoch: 396
Train loss: 0.2705063223838806
Test loss: 0.29981106519699097
Epoch: 397
Train loss: 0.2704553008079529
Test loss: 0.29970309138298035
Epoch: 398
Train loss: 0.2704046964645386
Test loss: 0.2995959222316742
Epoch: 399
Train loss: 0.2703545391559601
Test loss: 0.2994895577430725
Epoch: 400
Train loss: 0.2703048288822174
Test loss: 0.2993839681148529
Epoch: 401
Train loss: 0.27025550603866577
Test loss: 0.29927918314933777
Epoch: 402
Train loss: 0.2702065408229828
Test loss: 0.29917511343955994
Epoch: 403
Train loss: 0.2701580226421356
Test loss: 0.29907187819480896
Epoch: 404
Train loss: 0.2701098620891571
Test loss: 0.2989693582057953
Epoch: 405
Train loss: 0.270062118768692
Test loss: 0.29886752367019653
Epoch: 406
Train loss: 0.27001479268074036
Test loss: 0.298766553401947
Epoch: 407
Train loss: 0.2699677646160126
Test loss: 0.29866620898246765
Epoch: 408
Train loss: 0.2699211537837982
Test loss: 0.29856663942337036
Epoch: 409
Train loss: 0.2698749303817749
Test loss: 0.298467755317688
Epoch: 410
Train loss: 0.26982906460762024
Test loss: 0.2983695864677429
Epoch: 411
Train loss: 0.26978355646133423
Test loss: 0.29827216267585754
Epoch: 412
Train loss: 0.26973840594291687
Test loss: 0.2981753647327423
Epoch: 413
Train loss: 0.2696935832500458
Test loss: 0.29807931184768677
Epoch: 414
Train loss: 0.2696491479873657
Test loss: 0.29798397421836853
Epoch: 415
Train loss: 0.26960504055023193
Test loss: 0.29788926243782043
Epoch: 416
Train loss: 0.2695612907409668
Test loss: 0.29779520630836487
Epoch: 417
Train loss: 0.2695178687572479
Test loss: 0.2977018356323242
Epoch: 418
Train loss: 0.26947474479675293
Test loss: 0.2976091504096985
Epoch: 419
Train loss: 0.269432008266449
Test loss: 0.2975170612335205
Epoch: 420
Train loss: 0.2693895101547241
Test loss: 0.29742562770843506
Epoch: 421
Train loss: 0.2693474292755127
Test loss: 0.2973348796367645
Epoch: 422
Train loss: 0.26930561661720276
Test loss: 0.29724472761154175
Epoch: 423
Train loss: 0.2692641019821167
Test loss: 0.2971552014350891
Epoch: 424
Train loss: 0.2692229449748993
Test loss: 0.29706627130508423
Epoch: 425
Train loss: 0.2691820561885834
Test loss: 0.29697802662849426
Epoch: 426
Train loss: 0.2691415250301361
Test loss: 0.29689034819602966
Epoch: 427
Train loss: 0.26910120248794556
Test loss: 0.2968032658100128
Epoch: 428
Train loss: 0.26906126737594604
Test loss: 0.2967168092727661
Epoch: 429
Train loss: 0.269021600484848
Test loss: 0.29663094878196716
Epoch: 430
Train loss: 0.2689821720123291
Test loss: 0.2965456545352936
Epoch: 431
Train loss: 0.26894304156303406
Test loss: 0.29646095633506775
Epoch: 432
Train loss: 0.2689042389392853
Test loss: 0.2963768243789673
Epoch: 433
Train loss: 0.2688656747341156
Test loss: 0.2962932586669922
Epoch: 434
Train loss: 0.2688274085521698
Test loss: 0.29621025919914246
Epoch: 435
Train loss: 0.2687894105911255
Test loss: 0.2961278259754181
Epoch: 436
Train loss: 0.2687516510486603
Test loss: 0.2960458993911743
Epoch: 437
Train loss: 0.26871415972709656
Test loss: 0.2959645688533783
Epoch: 438
Train loss: 0.2686769962310791
Test loss: 0.29588377475738525
Epoch: 439
Train loss: 0.26864001154899597
Test loss: 0.29580357670783997
Epoch: 440
Train loss: 0.26860329508781433
Test loss: 0.2957238256931305
Epoch: 441
Train loss: 0.26856690645217896
Test loss: 0.2956446409225464
Epoch: 442
Train loss: 0.2685306966304779
Test loss: 0.29556605219841003
Epoch: 443
Train loss: 0.26849472522735596
Test loss: 0.2954878807067871
Epoch: 444
Train loss: 0.2684589922428131
Test loss: 0.29541027545928955
Epoch: 445
Train loss: 0.26842355728149414
Test loss: 0.2953331768512726
Epoch: 446
Train loss: 0.2683883309364319
Test loss: 0.2952565550804138
Epoch: 447
Train loss: 0.26835331320762634
Test loss: 0.29518043994903564
Epoch: 448
Train loss: 0.2683185636997223
Test loss: 0.29510483145713806
Epoch: 449
Train loss: 0.26828405261039734
Test loss: 0.29502972960472107
Epoch: 450
Train loss: 0.2682497203350067
Test loss: 0.2949550747871399
Epoch: 451
Train loss: 0.2682156264781952
Test loss: 0.2948809564113617
Epoch: 452
Train loss: 0.2681817412376404
Test loss: 0.2948072850704193
Epoch: 453
Train loss: 0.26814812421798706
Test loss: 0.29473409056663513
Epoch: 454
Train loss: 0.26811468601226807
Test loss: 0.29466140270233154
Epoch: 455
Train loss: 0.26808154582977295
Test loss: 0.2945891320705414
Epoch: 456
Train loss: 0.2680485248565674
Test loss: 0.2945173382759094
Epoch: 457
Train loss: 0.26801571249961853
Test loss: 0.29444602131843567
Epoch: 458
Train loss: 0.2679831087589264
Test loss: 0.29437509179115295
Epoch: 459
Train loss: 0.26795071363449097
Test loss: 0.2943046987056732
Epoch: 460
Train loss: 0.26791852712631226
Test loss: 0.2942346930503845
Epoch: 461
Train loss: 0.26788651943206787
Test loss: 0.2941651940345764
Epoch: 462
Train loss: 0.2678547501564026
Test loss: 0.2940960228443146
Epoch: 463
Train loss: 0.26782315969467163
Test loss: 0.2940273880958557
Epoch: 464
Train loss: 0.2677917778491974
Test loss: 0.2939591705799103
Epoch: 465
Train loss: 0.2677605450153351
Test loss: 0.29389137029647827
Epoch: 466
Train loss: 0.2677294909954071
Test loss: 0.2938239574432373
Epoch: 467
Train loss: 0.26769864559173584
Test loss: 0.29375696182250977
Epoch: 468
Train loss: 0.2676680088043213
Test loss: 0.29369041323661804
Epoch: 469
Train loss: 0.2676374614238739
Test loss: 0.29362425208091736
Epoch: 470
Train loss: 0.267607182264328
Test loss: 0.2935585081577301
Epoch: 471
Train loss: 0.26757705211639404
Test loss: 0.2934931814670563
Epoch: 472
Train loss: 0.2675471007823944
Test loss: 0.2934282422065735
Epoch: 473
Train loss: 0.2675172686576843
Test loss: 0.29336366057395935
Epoch: 474
Train loss: 0.26748770475387573
Test loss: 0.2932995557785034
Epoch: 475
Train loss: 0.2674582302570343
Test loss: 0.29323577880859375
Epoch: 476
Train loss: 0.2674289345741272
Test loss: 0.29317235946655273
Epoch: 477
Train loss: 0.2673998773097992
Test loss: 0.2931094169616699
Epoch: 478
Train loss: 0.26737087965011597
Test loss: 0.293046772480011
Epoch: 479
Train loss: 0.26734206080436707
Test loss: 0.2929845452308655
Epoch: 480
Train loss: 0.26731348037719727
Test loss: 0.2929226756095886
Epoch: 481
Train loss: 0.26728498935699463
Test loss: 0.2928611934185028
Epoch: 482
Train loss: 0.26725664734840393
Test loss: 0.29280003905296326
Epoch: 483
Train loss: 0.26722845435142517
Test loss: 0.29273930191993713
Epoch: 484
Train loss: 0.26720041036605835
Test loss: 0.2926788628101349
Epoch: 485
Train loss: 0.26717257499694824
Test loss: 0.29261887073516846
Epoch: 486
Train loss: 0.2671448290348053
Test loss: 0.2925591468811035
Epoch: 487
Train loss: 0.2671172618865967
Test loss: 0.292499840259552
Epoch: 488
Train loss: 0.2670897841453552
Test loss: 0.292440801858902
Epoch: 489
Train loss: 0.2670624554157257
Test loss: 0.2923821806907654
Epoch: 490
Train loss: 0.2670353353023529
Test loss: 0.2923238277435303
Epoch: 491
Train loss: 0.26700830459594727
Test loss: 0.2922658622264862
Epoch: 492
Train loss: 0.2669813930988312
Test loss: 0.2922082543373108
Epoch: 493
Train loss: 0.2669546604156494
Test loss: 0.29215094447135925
Epoch: 494
Train loss: 0.2669280469417572
Test loss: 0.29209399223327637
Epoch: 495
Train loss: 0.26690152287483215
Test loss: 0.29203730821609497
Epoch: 496
Train loss: 0.26687517762184143
Test loss: 0.2919810116291046
Epoch: 497
Train loss: 0.26684895157814026
Test loss: 0.29192495346069336
Epoch: 498
Train loss: 0.26682284474372864
Test loss: 0.2918693423271179
Epoch: 499
Train loss: 0.26679685711860657
Test loss: 0.2918139696121216
